###############################################################################
#
# IAR ELF Linker V8.50.4.261/W32 for ARM                  23/Jun/2020  14:20:31
# Copyright 2007-2020 IAR Systems AB.
#
#    Output file  =  D:\PKNU2020\STM32\UART_LCD\EWARM\UART_LCD\Exe\UART_LCD.out
#    Map file     =
#        D:\PKNU2020\STM32\UART_LCD\EWARM\UART_LCD\List\UART_LCD.map
#    Command line =
#        -f C:\Users\PKNU\AppData\Local\Temp\EWF33A.tmp
#        (D:\PKNU2020\STM32\UART_LCD\EWARM\UART_LCD\Obj\gpio.o
#        D:\PKNU2020\STM32\UART_LCD\EWARM\UART_LCD\Obj\lcd.o
#        D:\PKNU2020\STM32\UART_LCD\EWARM\UART_LCD\Obj\main.o
#        D:\PKNU2020\STM32\UART_LCD\EWARM\UART_LCD\Obj\startup_stm32f405xx.o
#        D:\PKNU2020\STM32\UART_LCD\EWARM\UART_LCD\Obj\stm32f4xx_hal.o
#        D:\PKNU2020\STM32\UART_LCD\EWARM\UART_LCD\Obj\stm32f4xx_hal_cortex.o
#        D:\PKNU2020\STM32\UART_LCD\EWARM\UART_LCD\Obj\stm32f4xx_hal_dma.o
#        D:\PKNU2020\STM32\UART_LCD\EWARM\UART_LCD\Obj\stm32f4xx_hal_dma_ex.o
#        D:\PKNU2020\STM32\UART_LCD\EWARM\UART_LCD\Obj\stm32f4xx_hal_exti.o
#        D:\PKNU2020\STM32\UART_LCD\EWARM\UART_LCD\Obj\stm32f4xx_hal_flash.o
#        D:\PKNU2020\STM32\UART_LCD\EWARM\UART_LCD\Obj\stm32f4xx_hal_flash_ex.o
#        D:\PKNU2020\STM32\UART_LCD\EWARM\UART_LCD\Obj\stm32f4xx_hal_flash_ramfunc.o
#        D:\PKNU2020\STM32\UART_LCD\EWARM\UART_LCD\Obj\stm32f4xx_hal_gpio.o
#        D:\PKNU2020\STM32\UART_LCD\EWARM\UART_LCD\Obj\stm32f4xx_hal_msp.o
#        D:\PKNU2020\STM32\UART_LCD\EWARM\UART_LCD\Obj\stm32f4xx_hal_pwr.o
#        D:\PKNU2020\STM32\UART_LCD\EWARM\UART_LCD\Obj\stm32f4xx_hal_pwr_ex.o
#        D:\PKNU2020\STM32\UART_LCD\EWARM\UART_LCD\Obj\stm32f4xx_hal_rcc.o
#        D:\PKNU2020\STM32\UART_LCD\EWARM\UART_LCD\Obj\stm32f4xx_hal_rcc_ex.o
#        D:\PKNU2020\STM32\UART_LCD\EWARM\UART_LCD\Obj\stm32f4xx_hal_tim.o
#        D:\PKNU2020\STM32\UART_LCD\EWARM\UART_LCD\Obj\stm32f4xx_hal_tim_ex.o
#        D:\PKNU2020\STM32\UART_LCD\EWARM\UART_LCD\Obj\stm32f4xx_hal_uart.o
#        D:\PKNU2020\STM32\UART_LCD\EWARM\UART_LCD\Obj\stm32f4xx_it.o
#        D:\PKNU2020\STM32\UART_LCD\EWARM\UART_LCD\Obj\system_stm32f4xx.o
#        D:\PKNU2020\STM32\UART_LCD\EWARM\UART_LCD\Obj\usart.o --redirect
#        _Printf=_PrintfFull --redirect _Scanf=_ScanfFull --no_out_extension -o
#        D:\PKNU2020\STM32\UART_LCD\EWARM\UART_LCD\Exe\UART_LCD.out --map
#        D:\PKNU2020\STM32\UART_LCD\EWARM\UART_LCD\List\UART_LCD.map --config
#        D:\PKNU2020\STM32\UART_LCD\EWARM/stm32f405xx_flash.icf --semihosting
#        --entry __iar_program_start --vfe --text_out locale)
#
###############################################################################

*******************************************************************************
*** RUNTIME MODEL ATTRIBUTES
***

CppFlavor       = *
__SystemLibrary = DLib
__dlib_version  = 6


*******************************************************************************
*** HEAP SELECTION
***

The basic heap was selected because some modules are built with
size limitations (and not runtime checking), and --advanced_heap
was not specified.


*******************************************************************************
*** PLACEMENT SUMMARY
***

"A0":  place at address 0x800'0000 { ro section .intvec };
"P1":  place in [from 0x800'0000 to 0x80f'ffff] { ro };
define block CSTACK with size = 1K, alignment = 8 { };
define block HEAP with size = 512, alignment = 8 { };
"P2":  place in [from 0x2000'0000 to 0x2001'ffff] {
          rw, block CSTACK, block HEAP };
initialize by copy { rw };

  Section            Kind         Address    Size  Object
  -------            ----         -------    ----  ------
"A0":                                       0x188
  .intvec            ro code   0x800'0000   0x188  startup_stm32f405xx.o [1]
                             - 0x800'0188   0x188

"P1":                                      0x1291
  .text              ro code   0x800'0188   0x310  stm32f4xx_hal_rcc.o [1]
  .text              ro code   0x800'0498     0xc  stm32f4xx_hal.o [1]
  .text              ro code   0x800'04a4   0x2cc  lcd.o [1]
  .text              ro code   0x800'0770   0x1e4  stm32f4xx_hal_gpio.o [1]
  .text              ro code   0x800'0954   0x1ac  stm32f4xx_hal_rcc.o [1]
  .text              ro code   0x800'0b00    0x40  stm32f4xx_hal.o [1]
  .text              ro code   0x800'0b40   0x106  I64DivMod_small.o [4]
  .text              ro code   0x800'0c48    0xac  stm32f4xx_hal_cortex.o [1]
  .text              ro code   0x800'0cf4     0x2  I64DivZer.o [4]
  .text              ro code   0x800'0cf8   0x15c  stm32f4xx_hal_uart.o [1]
  .text              ro code   0x800'0e54    0xa4  usart.o [1]
  .text              ro code   0x800'0ef8    0xf0  main.o [1]
  .text              ro code   0x800'0fe8    0x14  memset.o [4]
  .text              ro code   0x800'0ffc    0x34  stm32f4xx_hal.o [1]
  .text              ro code   0x800'1030    0xb4  gpio.o [1]
  .text              ro code   0x800'10e4    0x66  ABImemset.o [4]
  .text              ro code   0x800'114c    0x38  stm32f4xx_hal_msp.o [1]
  .text              ro code   0x800'1184    0x38  packbits_init_single.o [4]
  .text              ro code   0x800'11bc    0x2c  system_stm32f4xx.o [1]
  .text              ro code   0x800'11e8    0x28  data_init.o [4]
  .text              ro code   0x800'1210    0x22  fpinit_M.o [3]
  .iar.init_table    const     0x800'1234    0x10  - Linker created -
  .text              ro code   0x800'1244    0x1e  cmain.o [4]
  .text              ro code   0x800'1262     0x4  low_level_init.o [2]
  .text              ro code   0x800'1266     0x4  exit.o [2]
  .text              ro code   0x800'126c     0xa  cexit.o [4]
  .text              ro code   0x800'1278    0x14  exit.o [5]
  .text              ro code   0x800'128c    0x14  stm32f4xx_it.o [1]
  .text              ro code   0x800'12a0    0x10  stm32f4xx_hal.o [1]
  .text              ro code   0x800'12b0    0x10  startup_stm32f405xx.o [1]
  .text              ro code   0x800'12c0     0xc  cstartup_M.o [4]
  .rodata            const     0x800'12cc     0x8  system_stm32f4xx.o [1]
  .text              ro code   0x800'12d4     0x4  startup_stm32f405xx.o [1]
  .text              ro code   0x800'12d8     0x4  startup_stm32f405xx.o [1]
  .text              ro code   0x800'12dc     0x4  startup_stm32f405xx.o [1]
  .text              ro code   0x800'12e0     0x4  startup_stm32f405xx.o [1]
  .text              ro code   0x800'12e4     0x4  startup_stm32f405xx.o [1]
  .text              ro code   0x800'12e8     0x4  startup_stm32f405xx.o [1]
  .text              ro code   0x800'12ec     0x4  startup_stm32f405xx.o [1]
  .text              ro code   0x800'12f0     0x4  startup_stm32f405xx.o [1]
  .text              ro code   0x800'12f4     0x4  startup_stm32f405xx.o [1]
  .text              ro code   0x800'12f8     0x4  startup_stm32f405xx.o [1]
  .text              ro code   0x800'12fc     0x4  startup_stm32f405xx.o [1]
  .text              ro code   0x800'1300     0x4  startup_stm32f405xx.o [1]
  .text              ro code   0x800'1304     0x4  startup_stm32f405xx.o [1]
  .text              ro code   0x800'1308     0x4  startup_stm32f405xx.o [1]
  .text              ro code   0x800'130c     0x4  startup_stm32f405xx.o [1]
  .text              ro code   0x800'1310     0x4  startup_stm32f405xx.o [1]
  .text              ro code   0x800'1314     0x4  startup_stm32f405xx.o [1]
  .text              ro code   0x800'1318     0x4  startup_stm32f405xx.o [1]
  .text              ro code   0x800'131c     0x4  startup_stm32f405xx.o [1]
  .text              ro code   0x800'1320     0x4  startup_stm32f405xx.o [1]
  .text              ro code   0x800'1324     0x4  startup_stm32f405xx.o [1]
  .text              ro code   0x800'1328     0x4  startup_stm32f405xx.o [1]
  .text              ro code   0x800'132c     0x4  startup_stm32f405xx.o [1]
  .text              ro code   0x800'1330     0x4  startup_stm32f405xx.o [1]
  .text              ro code   0x800'1334     0x4  startup_stm32f405xx.o [1]
  .text              ro code   0x800'1338     0x4  startup_stm32f405xx.o [1]
  .text              ro code   0x800'133c     0x4  startup_stm32f405xx.o [1]
  .text              ro code   0x800'1340     0x4  startup_stm32f405xx.o [1]
  .text              ro code   0x800'1344     0x4  startup_stm32f405xx.o [1]
  .text              ro code   0x800'1348     0x4  startup_stm32f405xx.o [1]
  .text              ro code   0x800'134c     0x4  startup_stm32f405xx.o [1]
  .text              ro code   0x800'1350     0x4  startup_stm32f405xx.o [1]
  .text              ro code   0x800'1354     0x4  startup_stm32f405xx.o [1]
  .text              ro code   0x800'1358     0x4  startup_stm32f405xx.o [1]
  .text              ro code   0x800'135c     0x4  startup_stm32f405xx.o [1]
  .text              ro code   0x800'1360     0x4  startup_stm32f405xx.o [1]
  .text              ro code   0x800'1364     0x4  startup_stm32f405xx.o [1]
  .text              ro code   0x800'1368     0x4  startup_stm32f405xx.o [1]
  .text              ro code   0x800'136c     0x4  startup_stm32f405xx.o [1]
  .text              ro code   0x800'1370     0x4  startup_stm32f405xx.o [1]
  .text              ro code   0x800'1374     0x4  startup_stm32f405xx.o [1]
  .text              ro code   0x800'1378     0x4  startup_stm32f405xx.o [1]
  .text              ro code   0x800'137c     0x4  startup_stm32f405xx.o [1]
  .text              ro code   0x800'1380     0x4  startup_stm32f405xx.o [1]
  .text              ro code   0x800'1384     0x4  startup_stm32f405xx.o [1]
  .text              ro code   0x800'1388     0x4  startup_stm32f405xx.o [1]
  .text              ro code   0x800'138c     0x4  startup_stm32f405xx.o [1]
  .text              ro code   0x800'1390     0x4  startup_stm32f405xx.o [1]
  .text              ro code   0x800'1394     0x4  startup_stm32f405xx.o [1]
  .text              ro code   0x800'1398     0x4  startup_stm32f405xx.o [1]
  .text              ro code   0x800'139c     0x4  startup_stm32f405xx.o [1]
  .text              ro code   0x800'13a0     0x4  startup_stm32f405xx.o [1]
  .text              ro code   0x800'13a4     0x4  startup_stm32f405xx.o [1]
  .text              ro code   0x800'13a8     0x4  startup_stm32f405xx.o [1]
  .text              ro code   0x800'13ac     0x4  startup_stm32f405xx.o [1]
  .text              ro code   0x800'13b0     0x4  startup_stm32f405xx.o [1]
  .text              ro code   0x800'13b4     0x4  startup_stm32f405xx.o [1]
  .text              ro code   0x800'13b8     0x4  startup_stm32f405xx.o [1]
  .text              ro code   0x800'13bc     0x4  startup_stm32f405xx.o [1]
  .text              ro code   0x800'13c0     0x4  startup_stm32f405xx.o [1]
  .text              ro code   0x800'13c4     0x4  startup_stm32f405xx.o [1]
  .text              ro code   0x800'13c8     0x4  startup_stm32f405xx.o [1]
  .text              ro code   0x800'13cc     0x4  startup_stm32f405xx.o [1]
  .text              ro code   0x800'13d0     0x4  startup_stm32f405xx.o [1]
  .text              ro code   0x800'13d4     0x4  startup_stm32f405xx.o [1]
  .text              ro code   0x800'13d8     0x4  startup_stm32f405xx.o [1]
  .text              ro code   0x800'13dc     0x4  startup_stm32f405xx.o [1]
  .text              ro code   0x800'13e0     0x4  startup_stm32f405xx.o [1]
  .text              ro code   0x800'13e4     0x4  startup_stm32f405xx.o [1]
  .text              ro code   0x800'13e8     0x4  startup_stm32f405xx.o [1]
  .text              ro code   0x800'13ec     0x4  startup_stm32f405xx.o [1]
  .text              ro code   0x800'13f0     0x4  startup_stm32f405xx.o [1]
  .text              ro code   0x800'13f4     0x4  startup_stm32f405xx.o [1]
  .text              ro code   0x800'13f8     0x4  startup_stm32f405xx.o [1]
  .text              ro code   0x800'13fc     0x4  startup_stm32f405xx.o [1]
  .text              ro code   0x800'1400     0x4  startup_stm32f405xx.o [1]
  .text              ro code   0x800'1404     0x4  startup_stm32f405xx.o [1]
  .text              ro code   0x800'1408     0x4  startup_stm32f405xx.o [1]
  .rodata            const     0x800'140c     0x0  packbits_init_single.o [4]
  Initializer bytes  const     0x800'140c     0xd  <for P2-1>
                             - 0x800'1419  0x1291

"P2", part 1 of 2:                           0x50
  P2-1                        0x2000'0000    0x50  <Init block>
    .data            inited   0x2000'0000     0xc  stm32f4xx_hal.o [1]
    .data            inited   0x2000'000c     0x4  system_stm32f4xx.o [1]
    .bss             inited   0x2000'0010    0x40  usart.o [1]
                            - 0x2000'0050    0x50

"P2", part 2 of 2:                          0x400
  CSTACK                      0x2000'0050   0x400  <Block>
    CSTACK           uninit   0x2000'0050   0x400  <Block tail>
                            - 0x2000'0450   0x400

Unused ranges:

         From           To      Size
         ----           --      ----
   0x800'1419   0x80f'ffff  0xf'ebe7
  0x2000'0450  0x2001'ffff  0x1'fbb0


*******************************************************************************
*** INIT TABLE
***

          Address      Size
          -------      ----
Copy/packbits (__iar_packbits_init_single3)
    1 source range, total size 0xd (16% of destination):
           0x800'140c   0xd
    1 destination range, total size 0x50:
          0x2000'0000  0x50



*******************************************************************************
*** MODULE SUMMARY
***

    Module                  ro code  ro data  rw data
    ------                  -------  -------  -------
command line/config:
    -------------------------------------------------
    Total:

D:\PKNU2020\STM32\UART_LCD\EWARM\UART_LCD\Obj: [1]
    gpio.o                      180
    lcd.o                       716
    main.o                      240
    startup_stm32f405xx.o       720
    stm32f4xx_hal.o             144        1       12
    stm32f4xx_hal_cortex.o      172
    stm32f4xx_hal_gpio.o        484
    stm32f4xx_hal_msp.o          56
    stm32f4xx_hal_rcc.o       1'212
    stm32f4xx_hal_uart.o        348
    stm32f4xx_it.o               20
    system_stm32f4xx.o           44        9        4
    usart.o                     164       11       64
    -------------------------------------------------
    Total:                    4'500       21       80

dl7M_tln.a: [2]
    exit.o                        4
    low_level_init.o              4
    -------------------------------------------------
    Total:                        8

m7M_tls.a: [3]
    fpinit_M.o                   34
    -------------------------------------------------
    Total:                       34

rt7M_tl.a: [4]
    ABImemset.o                 102
    I64DivMod_small.o           262
    I64DivZer.o                   2
    cexit.o                      10
    cmain.o                      30
    cstartup_M.o                 12
    data_init.o                  40
    memset.o                     20
    packbits_init_single.o       56
    -------------------------------------------------
    Total:                      534

shb_l.a: [5]
    exit.o                       20
    -------------------------------------------------
    Total:                       20

    Gaps                         10        2
    Linker created                        16    1'024
-----------------------------------------------------
    Grand Total:              5'106       39    1'104


*******************************************************************************
*** ENTRY LIST
***

Entry                       Address   Size  Type      Object
-----                       -------   ----  ----      ------
.iar.init_table$$Base    0x800'1234          --   Gb  - Linker created -
.iar.init_table$$Limit   0x800'1244          --   Gb  - Linker created -
?main                    0x800'1245         Code  Gb  cmain.o [4]
AHBPrescTable            0x800'11d8   0x10  Data  Gb  system_stm32f4xx.o [1]
APBPrescTable            0x800'12cc    0x8  Data  Gb  system_stm32f4xx.o [1]
BusFault_Handler         0x800'1293    0x2  Code  Gb  stm32f4xx_it.o [1]
CSTACK$$Base            0x2000'0050          --   Gb  - Linker created -
CSTACK$$Limit           0x2000'0450          --   Gb  - Linker created -
DebugMon_Handler         0x800'1299    0x2  Code  Gb  stm32f4xx_it.o [1]
Error_Handler            0x800'0fd5    0x2  Code  Gb  main.o [1]
HAL_GPIO_Init            0x800'0771  0x1ae  Code  Gb  stm32f4xx_hal_gpio.o [1]
HAL_GPIO_WritePin        0x800'091f    0x8  Code  Gb  stm32f4xx_hal_gpio.o [1]
HAL_GetTick              0x800'0499    0xc  Code  Wk  stm32f4xx_hal.o [1]
HAL_IncTick              0x800'12a1   0x10  Code  Wk  stm32f4xx_hal.o [1]
HAL_Init                 0x800'0ffd   0x30  Code  Gb  stm32f4xx_hal.o [1]
HAL_InitTick             0x800'0b01   0x40  Code  Wk  stm32f4xx_hal.o [1]
HAL_MspInit              0x800'114d   0x38  Code  Gb  stm32f4xx_hal_msp.o [1]
HAL_NVIC_SetPriority     0x800'0c7d   0x3a  Code  Gb  stm32f4xx_hal_cortex.o [1]
HAL_NVIC_SetPriorityGrouping
                         0x800'0c63   0x1a  Code  Gb  stm32f4xx_hal_cortex.o [1]
HAL_RCC_ClockConfig      0x800'0955  0x100  Code  Gb  stm32f4xx_hal_rcc.o [1]
HAL_RCC_GetPCLK1Freq     0x800'0a61   0x10  Code  Gb  stm32f4xx_hal_rcc.o [1]
HAL_RCC_GetPCLK2Freq     0x800'0a71    0xe  Code  Gb  stm32f4xx_hal_rcc.o [1]
HAL_RCC_OscConfig        0x800'0189  0x310  Code  Wk  stm32f4xx_hal_rcc.o [1]
HAL_SYSTICK_Config       0x800'0cb7   0x28  Code  Gb  stm32f4xx_hal_cortex.o [1]
HAL_UART_Init            0x800'0cf9   0x1e  Code  Gb  stm32f4xx_hal_uart.o [1]
HAL_UART_MspInit         0x800'0e83   0x66  Code  Gb  usart.o [1]
HardFault_Handler        0x800'128f    0x2  Code  Gb  stm32f4xx_it.o [1]
MX_GPIO_Init             0x800'1031   0x96  Code  Gb  gpio.o [1]
MX_USART1_UART_Init      0x800'0e55   0x2e  Code  Gb  usart.o [1]
MemManage_Handler        0x800'1291    0x2  Code  Gb  stm32f4xx_it.o [1]
NMI_Handler              0x800'128d    0x2  Code  Gb  stm32f4xx_it.o [1]
PendSV_Handler           0x800'129b    0x2  Code  Gb  stm32f4xx_it.o [1]
Region$$Table$$Base      0x800'1234          --   Gb  - Linker created -
Region$$Table$$Limit     0x800'1244          --   Gb  - Linker created -
SVC_Handler              0x800'1297    0x2  Code  Gb  stm32f4xx_it.o [1]
SysTick_Handler          0x800'129d    0x4  Code  Gb  stm32f4xx_it.o [1]
SystemClock_Config       0x800'0f35   0x96  Code  Gb  main.o [1]
SystemCoreClock         0x2000'000c    0x4  Data  Gb  system_stm32f4xx.o [1]
SystemInit               0x800'11bd   0x14  Code  Gb  system_stm32f4xx.o [1]
UART_SetConfig           0x800'0d6f   0xca  Code  Lc  stm32f4xx_hal_uart.o [1]
UsageFault_Handler       0x800'1295    0x2  Code  Gb  stm32f4xx_it.o [1]
__NVIC_SetPriority       0x800'0c49   0x1a  Code  Lc  stm32f4xx_hal_cortex.o [1]
__aeabi_ldiv0            0x800'0cf5         Code  Gb  I64DivZer.o [4]
__aeabi_memset           0x800'10e5         Code  Gb  ABImemset.o [4]
__cmain                  0x800'1245         Code  Gb  cmain.o [4]
__exit                   0x800'1279   0x14  Code  Gb  exit.o [5]
__iar_Memset             0x800'10e5         Code  Gb  ABImemset.o [4]
__iar_Memset_word        0x800'10ed         Code  Gb  ABImemset.o [4]
__iar_data_init3         0x800'11e9   0x28  Code  Gb  data_init.o [4]
__iar_init_vfp           0x800'1211         Code  Gb  fpinit_M.o [3]
__iar_packbits_init_single3
                         0x800'1185   0x38  Code  Gb  packbits_init_single.o [4]
__iar_program_start      0x800'12c1         Code  Gb  cstartup_M.o [4]
__iar_small_uldivmod     0x800'0b41         Code  Gb  I64DivMod_small.o [4]
__low_level_init         0x800'1263    0x4  Code  Gb  low_level_init.o [2]
__vector_table           0x800'0000         Data  Gb  startup_stm32f405xx.o [1]
_call_main               0x800'1251         Code  Gb  cmain.o [4]
_exit                    0x800'126d         Code  Gb  cexit.o [4]
_main                    0x800'125f         Code  Gb  cmain.o [4]
exit                     0x800'1267    0x4  Code  Gb  exit.o [2]
huart1                  0x2000'0010   0x40  Data  Gb  usart.o [1]
lcdControlWrite          0x800'0673    0xc  Code  Gb  lcd.o [1]
lcdDataWrite             0x800'067f   0x12  Code  Gb  lcd.o [1]
lcdGotoXY                0x800'0737   0x1e  Code  Gb  lcd.o [1]
lcdInit                  0x800'0705   0x32  Code  Gb  lcd.o [1]
lcdInitHW                0x800'0611   0x62  Code  Gb  lcd.o [1]
lcdPrintData             0x800'0755   0x1c  Code  Gb  lcd.o [1]
lcdmDelay                0x800'05f3   0x1e  Code  Lc  lcd.o [1]
lcduDelay                0x800'04a5  0x14e  Code  Lc  lcd.o [1]
main                     0x800'0ef9   0x3c  Code  Gb  main.o [1]
memset                   0x800'0fe9   0x14  Code  Gb  memset.o [4]
uwTick                  0x2000'0004    0x4  Data  Gb  stm32f4xx_hal.o [1]
uwTickFreq              0x2000'0000    0x1  Data  Gb  stm32f4xx_hal.o [1]
uwTickPrio              0x2000'0008    0x4  Data  Gb  stm32f4xx_hal.o [1]


[1] = D:\PKNU2020\STM32\UART_LCD\EWARM\UART_LCD\Obj
[2] = dl7M_tln.a
[3] = m7M_tls.a
[4] = rt7M_tl.a
[5] = shb_l.a

  5'106 bytes of readonly  code memory
     39 bytes of readonly  data memory
  1'104 bytes of readwrite data memory

Errors: none
Warnings: none
