###############################################################################
#
# IAR ELF Linker V8.50.4.261/W32 for ARM                  24/Jun/2020  11:34:07
# Copyright 2007-2020 IAR Systems AB.
#
#    Output file  =
#        D:\PKNU2020\STM32\PWM_Serial_Piano\EWARM\PWM_Serial_Piano\Exe\PWM_Serial_Piano.out
#    Map file     =
#        D:\PKNU2020\STM32\PWM_Serial_Piano\EWARM\PWM_Serial_Piano\List\PWM_Serial_Piano.map
#    Command line =
#        -f C:\Users\PKNU\AppData\Local\Temp\EW85F9.tmp
#        (D:\PKNU2020\STM32\PWM_Serial_Piano\EWARM\PWM_Serial_Piano\Obj\gpio.o
#        D:\PKNU2020\STM32\PWM_Serial_Piano\EWARM\PWM_Serial_Piano\Obj\main.o
#        D:\PKNU2020\STM32\PWM_Serial_Piano\EWARM\PWM_Serial_Piano\Obj\startup_stm32f405xx.o
#        D:\PKNU2020\STM32\PWM_Serial_Piano\EWARM\PWM_Serial_Piano\Obj\stm32f4xx_hal.o
#        D:\PKNU2020\STM32\PWM_Serial_Piano\EWARM\PWM_Serial_Piano\Obj\stm32f4xx_hal_cortex.o
#        D:\PKNU2020\STM32\PWM_Serial_Piano\EWARM\PWM_Serial_Piano\Obj\stm32f4xx_hal_dma.o
#        D:\PKNU2020\STM32\PWM_Serial_Piano\EWARM\PWM_Serial_Piano\Obj\stm32f4xx_hal_dma_ex.o
#        D:\PKNU2020\STM32\PWM_Serial_Piano\EWARM\PWM_Serial_Piano\Obj\stm32f4xx_hal_exti.o
#        D:\PKNU2020\STM32\PWM_Serial_Piano\EWARM\PWM_Serial_Piano\Obj\stm32f4xx_hal_flash.o
#        D:\PKNU2020\STM32\PWM_Serial_Piano\EWARM\PWM_Serial_Piano\Obj\stm32f4xx_hal_flash_ex.o
#        D:\PKNU2020\STM32\PWM_Serial_Piano\EWARM\PWM_Serial_Piano\Obj\stm32f4xx_hal_flash_ramfunc.o
#        D:\PKNU2020\STM32\PWM_Serial_Piano\EWARM\PWM_Serial_Piano\Obj\stm32f4xx_hal_gpio.o
#        D:\PKNU2020\STM32\PWM_Serial_Piano\EWARM\PWM_Serial_Piano\Obj\stm32f4xx_hal_msp.o
#        D:\PKNU2020\STM32\PWM_Serial_Piano\EWARM\PWM_Serial_Piano\Obj\stm32f4xx_hal_pwr.o
#        D:\PKNU2020\STM32\PWM_Serial_Piano\EWARM\PWM_Serial_Piano\Obj\stm32f4xx_hal_pwr_ex.o
#        D:\PKNU2020\STM32\PWM_Serial_Piano\EWARM\PWM_Serial_Piano\Obj\stm32f4xx_hal_rcc.o
#        D:\PKNU2020\STM32\PWM_Serial_Piano\EWARM\PWM_Serial_Piano\Obj\stm32f4xx_hal_rcc_ex.o
#        D:\PKNU2020\STM32\PWM_Serial_Piano\EWARM\PWM_Serial_Piano\Obj\stm32f4xx_hal_tim.o
#        D:\PKNU2020\STM32\PWM_Serial_Piano\EWARM\PWM_Serial_Piano\Obj\stm32f4xx_hal_tim_ex.o
#        D:\PKNU2020\STM32\PWM_Serial_Piano\EWARM\PWM_Serial_Piano\Obj\stm32f4xx_hal_uart.o
#        D:\PKNU2020\STM32\PWM_Serial_Piano\EWARM\PWM_Serial_Piano\Obj\stm32f4xx_it.o
#        D:\PKNU2020\STM32\PWM_Serial_Piano\EWARM\PWM_Serial_Piano\Obj\system_stm32f4xx.o
#        D:\PKNU2020\STM32\PWM_Serial_Piano\EWARM\PWM_Serial_Piano\Obj\tim.o
#        D:\PKNU2020\STM32\PWM_Serial_Piano\EWARM\PWM_Serial_Piano\Obj\usart.o
#        --redirect _Printf=_PrintfFull --redirect _Scanf=_ScanfFull
#        --no_out_extension -o
#        D:\PKNU2020\STM32\PWM_Serial_Piano\EWARM\PWM_Serial_Piano\Exe\PWM_Serial_Piano.out
#        --map
#        D:\PKNU2020\STM32\PWM_Serial_Piano\EWARM\PWM_Serial_Piano\List\PWM_Serial_Piano.map
#        --config
#        D:\PKNU2020\STM32\PWM_Serial_Piano\EWARM/stm32f405xx_flash.icf
#        --semihosting --entry __iar_program_start --vfe --text_out locale)
#
###############################################################################

*******************************************************************************
*** RUNTIME MODEL ATTRIBUTES
***

CppFlavor       = *
__SystemLibrary = DLib
__dlib_version  = 6


*******************************************************************************
*** HEAP SELECTION
***

The basic heap was selected because some modules are built with
size limitations (and not runtime checking), and --advanced_heap
was not specified.


*******************************************************************************
*** PLACEMENT SUMMARY
***

"A0":  place at address 0x800'0000 { ro section .intvec };
"P1":  place in [from 0x800'0000 to 0x80f'ffff] { ro };
define block CSTACK with size = 1K, alignment = 8 { };
define block HEAP with size = 512, alignment = 8 { };
"P2":  place in [from 0x2000'0000 to 0x2001'ffff] {
          rw, block CSTACK, block HEAP };
initialize by copy { rw };

  Section            Kind         Address    Size  Object
  -------            ----         -------    ----  ------
"A0":                                       0x188
  .intvec            ro code   0x800'0000   0x188  startup_stm32f405xx.o [1]
                             - 0x800'0188   0x188

"P1":                                      0x1b04
  .text              ro code   0x800'0188   0x4f6  stm32f4xx_hal_tim.o [1]
  .text              ro code   0x800'067e    0x3a  zero_init3.o [4]
  .text              ro code   0x800'06b8   0x120  tim.o [1]
  .text              ro code   0x800'07d8     0x2  stm32f4xx_hal_tim.o [1]
  .text              ro code   0x800'07da    0x14  memset.o [4]
  .text              ro code   0x800'07ee    0x2e  copy_init3.o [4]
  .text              ro code   0x800'081c   0x1ce  main.o [1]
  .text              ro code   0x800'09ec    0x8c  stm32f4xx_hal_tim_ex.o [1]
  .text              ro code   0x800'0a78   0x1e4  stm32f4xx_hal_gpio.o [1]
  .text              ro code   0x800'0c5c    0x66  ABImemset.o [4]
  .text              ro code   0x800'0cc4    0x34  stm32f4xx_hal.o [1]
  .text              ro code   0x800'0cf8    0x68  gpio.o [1]
  .text              ro code   0x800'0d60    0xb4  usart.o [1]
  .text              ro code   0x800'0e14   0x498  stm32f4xx_hal_uart.o [1]
  .text              ro code   0x800'12ac    0x28  stm32f4xx_hal.o [1]
  .text              ro code   0x800'12d4   0x310  stm32f4xx_hal_rcc.o [1]
  .text              ro code   0x800'15e4   0x1ac  stm32f4xx_hal_rcc.o [1]
  .text              ro code   0x800'1790    0xc4  stm32f4xx_hal_cortex.o [1]
  .text              ro code   0x800'1854    0x40  stm32f4xx_hal.o [1]
  .text              ro code   0x800'1894    0x38  stm32f4xx_hal_msp.o [1]
  .text              ro code   0x800'18cc     0xc  stm32f4xx_hal.o [1]
  .text              ro code   0x800'18d8    0x24  stm32f4xx_hal_dma.o [1]
  .text              ro code   0x800'18fc     0x2  stm32f4xx_hal_uart.o [1]
  .text              ro code   0x800'18fe     0x2  stm32f4xx_hal_uart.o [1]
  .text              ro code   0x800'1900     0x2  stm32f4xx_hal_uart.o [1]
  .text              ro code   0x800'1904   0x106  I64DivMod_small.o [4]
  .text              ro code   0x800'1a0c     0x2  I64DivZer.o [4]
  .text              ro code   0x800'1a10    0x2c  system_stm32f4xx.o [1]
  .text              ro code   0x800'1a3c    0x28  data_init.o [4]
  .text              ro code   0x800'1a64    0x22  fpinit_M.o [3]
  .iar.init_table    const     0x800'1a88    0x24  - Linker created -
  .text              ro code   0x800'1aac    0x20  stm32f4xx_it.o [1]
  .text              ro code   0x800'1acc    0x10  stm32f4xx_hal.o [1]
  .text              ro code   0x800'1adc    0x1e  cmain.o [4]
  .text              ro code   0x800'1afa     0x4  low_level_init.o [2]
  .text              ro code   0x800'1afe     0x4  exit.o [2]
  .text              ro code   0x800'1b04     0xa  cexit.o [4]
  .text              ro code   0x800'1b10    0x14  exit.o [5]
  .text              ro code   0x800'1b24    0x10  startup_stm32f405xx.o [1]
  Initializer bytes  const     0x800'1b34    0x10  <for P2-1>
  .text              ro code   0x800'1b44     0xc  cstartup_M.o [4]
  .rodata            const     0x800'1b50     0x8  system_stm32f4xx.o [1]
  .text              ro code   0x800'1b58     0x4  startup_stm32f405xx.o [1]
  .text              ro code   0x800'1b5c     0x4  startup_stm32f405xx.o [1]
  .text              ro code   0x800'1b60     0x4  startup_stm32f405xx.o [1]
  .text              ro code   0x800'1b64     0x4  startup_stm32f405xx.o [1]
  .text              ro code   0x800'1b68     0x4  startup_stm32f405xx.o [1]
  .text              ro code   0x800'1b6c     0x4  startup_stm32f405xx.o [1]
  .text              ro code   0x800'1b70     0x4  startup_stm32f405xx.o [1]
  .text              ro code   0x800'1b74     0x4  startup_stm32f405xx.o [1]
  .text              ro code   0x800'1b78     0x4  startup_stm32f405xx.o [1]
  .text              ro code   0x800'1b7c     0x4  startup_stm32f405xx.o [1]
  .text              ro code   0x800'1b80     0x4  startup_stm32f405xx.o [1]
  .text              ro code   0x800'1b84     0x4  startup_stm32f405xx.o [1]
  .text              ro code   0x800'1b88     0x4  startup_stm32f405xx.o [1]
  .text              ro code   0x800'1b8c     0x4  startup_stm32f405xx.o [1]
  .text              ro code   0x800'1b90     0x4  startup_stm32f405xx.o [1]
  .text              ro code   0x800'1b94     0x4  startup_stm32f405xx.o [1]
  .text              ro code   0x800'1b98     0x4  startup_stm32f405xx.o [1]
  .text              ro code   0x800'1b9c     0x4  startup_stm32f405xx.o [1]
  .text              ro code   0x800'1ba0     0x4  startup_stm32f405xx.o [1]
  .text              ro code   0x800'1ba4     0x4  startup_stm32f405xx.o [1]
  .text              ro code   0x800'1ba8     0x4  startup_stm32f405xx.o [1]
  .text              ro code   0x800'1bac     0x4  startup_stm32f405xx.o [1]
  .text              ro code   0x800'1bb0     0x4  startup_stm32f405xx.o [1]
  .text              ro code   0x800'1bb4     0x4  startup_stm32f405xx.o [1]
  .text              ro code   0x800'1bb8     0x4  startup_stm32f405xx.o [1]
  .text              ro code   0x800'1bbc     0x4  startup_stm32f405xx.o [1]
  .text              ro code   0x800'1bc0     0x4  startup_stm32f405xx.o [1]
  .text              ro code   0x800'1bc4     0x4  startup_stm32f405xx.o [1]
  .text              ro code   0x800'1bc8     0x4  startup_stm32f405xx.o [1]
  .text              ro code   0x800'1bcc     0x4  startup_stm32f405xx.o [1]
  .text              ro code   0x800'1bd0     0x4  startup_stm32f405xx.o [1]
  .text              ro code   0x800'1bd4     0x4  startup_stm32f405xx.o [1]
  .text              ro code   0x800'1bd8     0x4  startup_stm32f405xx.o [1]
  .text              ro code   0x800'1bdc     0x4  startup_stm32f405xx.o [1]
  .text              ro code   0x800'1be0     0x4  startup_stm32f405xx.o [1]
  .text              ro code   0x800'1be4     0x4  startup_stm32f405xx.o [1]
  .text              ro code   0x800'1be8     0x4  startup_stm32f405xx.o [1]
  .text              ro code   0x800'1bec     0x4  startup_stm32f405xx.o [1]
  .text              ro code   0x800'1bf0     0x4  startup_stm32f405xx.o [1]
  .text              ro code   0x800'1bf4     0x4  startup_stm32f405xx.o [1]
  .text              ro code   0x800'1bf8     0x4  startup_stm32f405xx.o [1]
  .text              ro code   0x800'1bfc     0x4  startup_stm32f405xx.o [1]
  .text              ro code   0x800'1c00     0x4  startup_stm32f405xx.o [1]
  .text              ro code   0x800'1c04     0x4  startup_stm32f405xx.o [1]
  .text              ro code   0x800'1c08     0x4  startup_stm32f405xx.o [1]
  .text              ro code   0x800'1c0c     0x4  startup_stm32f405xx.o [1]
  .text              ro code   0x800'1c10     0x4  startup_stm32f405xx.o [1]
  .text              ro code   0x800'1c14     0x4  startup_stm32f405xx.o [1]
  .text              ro code   0x800'1c18     0x4  startup_stm32f405xx.o [1]
  .text              ro code   0x800'1c1c     0x4  startup_stm32f405xx.o [1]
  .text              ro code   0x800'1c20     0x4  startup_stm32f405xx.o [1]
  .text              ro code   0x800'1c24     0x4  startup_stm32f405xx.o [1]
  .text              ro code   0x800'1c28     0x4  startup_stm32f405xx.o [1]
  .text              ro code   0x800'1c2c     0x4  startup_stm32f405xx.o [1]
  .text              ro code   0x800'1c30     0x4  startup_stm32f405xx.o [1]
  .text              ro code   0x800'1c34     0x4  startup_stm32f405xx.o [1]
  .text              ro code   0x800'1c38     0x4  startup_stm32f405xx.o [1]
  .text              ro code   0x800'1c3c     0x4  startup_stm32f405xx.o [1]
  .text              ro code   0x800'1c40     0x4  startup_stm32f405xx.o [1]
  .text              ro code   0x800'1c44     0x4  startup_stm32f405xx.o [1]
  .text              ro code   0x800'1c48     0x4  startup_stm32f405xx.o [1]
  .text              ro code   0x800'1c4c     0x4  startup_stm32f405xx.o [1]
  .text              ro code   0x800'1c50     0x4  startup_stm32f405xx.o [1]
  .text              ro code   0x800'1c54     0x4  startup_stm32f405xx.o [1]
  .text              ro code   0x800'1c58     0x4  startup_stm32f405xx.o [1]
  .text              ro code   0x800'1c5c     0x4  startup_stm32f405xx.o [1]
  .text              ro code   0x800'1c60     0x4  startup_stm32f405xx.o [1]
  .text              ro code   0x800'1c64     0x4  startup_stm32f405xx.o [1]
  .text              ro code   0x800'1c68     0x4  startup_stm32f405xx.o [1]
  .text              ro code   0x800'1c6c     0x4  startup_stm32f405xx.o [1]
  .text              ro code   0x800'1c70     0x4  startup_stm32f405xx.o [1]
  .text              ro code   0x800'1c74     0x4  startup_stm32f405xx.o [1]
  .text              ro code   0x800'1c78     0x4  startup_stm32f405xx.o [1]
  .text              ro code   0x800'1c7c     0x4  startup_stm32f405xx.o [1]
  .text              ro code   0x800'1c80     0x4  startup_stm32f405xx.o [1]
  .text              ro code   0x800'1c84     0x4  startup_stm32f405xx.o [1]
  .text              ro code   0x800'1c88     0x4  startup_stm32f405xx.o [1]
  .rodata            const     0x800'1c8c     0x0  zero_init3.o [4]
  .rodata            const     0x800'1c8c     0x0  copy_init3.o [4]
                             - 0x800'1c8c  0x1b04

"P2", part 1 of 3:                           0x10
  P2-1                        0x2000'0000    0x10  <Init block>
    .data            inited   0x2000'0000     0xc  stm32f4xx_hal.o [1]
    .data            inited   0x2000'000c     0x4  system_stm32f4xx.o [1]
                            - 0x2000'0010    0x10

"P2", part 2 of 3:                           0x80
  .bss               zero     0x2000'0010    0x40  tim.o [1]
  .bss               zero     0x2000'0050    0x40  usart.o [1]
                            - 0x2000'0090    0x80

"P2", part 3 of 3:                          0x400
  CSTACK                      0x2000'0090   0x400  <Block>
    CSTACK           uninit   0x2000'0090   0x400  <Block tail>
                            - 0x2000'0490   0x400

Unused ranges:

         From           To      Size
         ----           --      ----
   0x800'1c8c   0x80f'ffff  0xf'e374
  0x2000'0490  0x2001'ffff  0x1'fb70


*******************************************************************************
*** INIT TABLE
***

          Address      Size
          -------      ----
Zero (__iar_zero_init3)
    1 destination range, total size 0x80:
          0x2000'0010  0x80

Copy (__iar_copy_init3)
    1 source range, total size 0x10:
           0x800'1b34  0x10
    1 destination range, total size 0x10:
          0x2000'0000  0x10



*******************************************************************************
*** MODULE SUMMARY
***

    Module                  ro code  ro data  rw data
    ------                  -------  -------  -------
command line/config:
    -------------------------------------------------
    Total:

D:\PKNU2020\STM32\PWM_Serial_Piano\EWARM\PWM_Serial_Piano\Obj: [1]
    gpio.o                      104
    main.o                      462
    startup_stm32f405xx.o       716
    stm32f4xx_hal.o             184       12       12
    stm32f4xx_hal_cortex.o      196
    stm32f4xx_hal_dma.o          36
    stm32f4xx_hal_gpio.o        484
    stm32f4xx_hal_msp.o          56
    stm32f4xx_hal_rcc.o       1'212
    stm32f4xx_hal_tim.o       1'272
    stm32f4xx_hal_tim_ex.o      140
    stm32f4xx_hal_uart.o      1'182
    stm32f4xx_it.o               32
    system_stm32f4xx.o           44       12        4
    tim.o                       288                64
    usart.o                     180                64
    -------------------------------------------------
    Total:                    6'588       24      144

dl7M_tln.a: [2]
    exit.o                        4
    low_level_init.o              4
    -------------------------------------------------
    Total:                        8

m7M_tls.a: [3]
    fpinit_M.o                   34
    -------------------------------------------------
    Total:                       34

rt7M_tl.a: [4]
    ABImemset.o                 102
    I64DivMod_small.o           262
    I64DivZer.o                   2
    cexit.o                      10
    cmain.o                      30
    copy_init3.o                 46
    cstartup_M.o                 12
    data_init.o                  40
    memset.o                     20
    zero_init3.o                 58
    -------------------------------------------------
    Total:                      582

shb_l.a: [5]
    exit.o                       20
    -------------------------------------------------
    Total:                       20

    Gaps                         14        2
    Linker created                        36    1'024
-----------------------------------------------------
    Grand Total:              7'246       62    1'168


*******************************************************************************
*** ENTRY LIST
***

Entry                       Address   Size  Type      Object
-----                       -------   ----  ----      ------
.iar.init_table$$Base    0x800'1a88          --   Gb  - Linker created -
.iar.init_table$$Limit   0x800'1aac          --   Gb  - Linker created -
?main                    0x800'1add         Code  Gb  cmain.o [4]
AHBPrescTable            0x800'1a2c   0x10  Data  Gb  system_stm32f4xx.o [1]
APBPrescTable            0x800'1b50    0x8  Data  Gb  system_stm32f4xx.o [1]
BusFault_Handler         0x800'1ab3    0x2  Code  Gb  stm32f4xx_it.o [1]
CSTACK$$Base            0x2000'0090          --   Gb  - Linker created -
CSTACK$$Limit           0x2000'0490          --   Gb  - Linker created -
DebugMon_Handler         0x800'1ab9    0x2  Code  Gb  stm32f4xx_it.o [1]
Error_Handler            0x800'09e9    0x2  Code  Gb  main.o [1]
HAL_DMA_Abort_IT         0x800'18d9   0x24  Code  Gb  stm32f4xx_hal_dma.o [1]
HAL_Delay                0x800'12ad   0x28  Code  Wk  stm32f4xx_hal.o [1]
HAL_GPIO_Init            0x800'0a79  0x1ae  Code  Gb  stm32f4xx_hal_gpio.o [1]
HAL_GPIO_WritePin        0x800'0c27    0x8  Code  Gb  stm32f4xx_hal_gpio.o [1]
HAL_GetTick              0x800'18cd    0xc  Code  Wk  stm32f4xx_hal.o [1]
HAL_IncTick              0x800'1acd   0x10  Code  Wk  stm32f4xx_hal.o [1]
HAL_Init                 0x800'0cc5   0x30  Code  Gb  stm32f4xx_hal.o [1]
HAL_InitTick             0x800'1855   0x40  Code  Wk  stm32f4xx_hal.o [1]
HAL_MspInit              0x800'1895   0x38  Code  Gb  stm32f4xx_hal_msp.o [1]
HAL_NVIC_EnableIRQ       0x800'17ff   0x16  Code  Gb  stm32f4xx_hal_cortex.o [1]
HAL_NVIC_SetPriority     0x800'17c5   0x3a  Code  Gb  stm32f4xx_hal_cortex.o [1]
HAL_NVIC_SetPriorityGrouping
                         0x800'17ab   0x1a  Code  Gb  stm32f4xx_hal_cortex.o [1]
HAL_RCC_ClockConfig      0x800'15e5  0x100  Code  Gb  stm32f4xx_hal_rcc.o [1]
HAL_RCC_GetPCLK1Freq     0x800'16f1   0x10  Code  Gb  stm32f4xx_hal_rcc.o [1]
HAL_RCC_GetPCLK2Freq     0x800'1701    0xe  Code  Gb  stm32f4xx_hal_rcc.o [1]
HAL_RCC_OscConfig        0x800'12d5  0x310  Code  Wk  stm32f4xx_hal_rcc.o [1]
HAL_SYSTICK_Config       0x800'1815   0x28  Code  Gb  stm32f4xx_hal_cortex.o [1]
HAL_TIMEx_MasterConfigSynchronization
                         0x800'09ed   0x6e  Code  Gb  stm32f4xx_hal_tim_ex.o [1]
HAL_TIM_Base_Init        0x800'0189   0x1a  Code  Gb  stm32f4xx_hal_tim.o [1]
HAL_TIM_Base_MspInit     0x800'0753   0x26  Code  Gb  tim.o [1]
HAL_TIM_ConfigClockSource
                         0x800'0321   0x90  Code  Gb  stm32f4xx_hal_tim.o [1]
HAL_TIM_MspPostInit      0x800'0779   0x4e  Code  Gb  tim.o [1]
HAL_TIM_PWM_ConfigChannel
                         0x800'0231   0xbc  Code  Gb  stm32f4xx_hal_tim.o [1]
HAL_TIM_PWM_Init         0x800'01d7   0x1a  Code  Gb  stm32f4xx_hal_tim.o [1]
HAL_TIM_PWM_Start        0x800'01f1   0x14  Code  Gb  stm32f4xx_hal_tim.o [1]
HAL_UART_IRQHandler      0x800'0f4d  0x15c  Code  Gb  stm32f4xx_hal_uart.o [1]
HAL_UART_Init            0x800'0e15   0x1e  Code  Gb  stm32f4xx_hal_uart.o [1]
HAL_UART_MspInit         0x800'0d8f   0x76  Code  Gb  usart.o [1]
HAL_UART_Receive         0x800'0e8b   0xae  Code  Gb  stm32f4xx_hal_uart.o [1]
HardFault_Handler        0x800'1aaf    0x2  Code  Gb  stm32f4xx_it.o [1]
MX_GPIO_Init             0x800'0cf9   0x68  Code  Gb  gpio.o [1]
MX_TIM2_Init             0x800'06b9   0x9a  Code  Gb  tim.o [1]
MX_USART1_UART_Init      0x800'0d61   0x2e  Code  Gb  usart.o [1]
MemManage_Handler        0x800'1ab1    0x2  Code  Gb  stm32f4xx_it.o [1]
NMI_Handler              0x800'1aad    0x2  Code  Gb  stm32f4xx_it.o [1]
PendSV_Handler           0x800'1abb    0x2  Code  Gb  stm32f4xx_it.o [1]
Region$$Table$$Base      0x800'1a88          --   Gb  - Linker created -
Region$$Table$$Limit     0x800'1aac          --   Gb  - Linker created -
SVC_Handler              0x800'1ab7    0x2  Code  Gb  stm32f4xx_it.o [1]
SysTick_Handler          0x800'1abd    0x4  Code  Gb  stm32f4xx_it.o [1]
SystemClock_Config       0x800'0915   0x96  Code  Gb  main.o [1]
SystemCoreClock         0x2000'000c    0x4  Data  Gb  system_stm32f4xx.o [1]
SystemInit               0x800'1a11   0x14  Code  Gb  system_stm32f4xx.o [1]
TIM_Base_SetConfig       0x800'03db   0x96  Code  Gb  stm32f4xx_hal_tim.o [1]
TIM_CCxChannelCmd        0x800'0663   0x16  Code  Gb  stm32f4xx_hal_tim.o [1]
TIM_ETR_SetConfig        0x800'064f   0x14  Code  Gb  stm32f4xx_hal_tim.o [1]
TIM_ITRx_SetConfig       0x800'063f   0x10  Code  Lc  stm32f4xx_hal_tim.o [1]
TIM_OC1_SetConfig        0x800'0471   0x58  Code  Lc  stm32f4xx_hal_tim.o [1]
TIM_OC2_SetConfig        0x800'04c9   0x60  Code  Gb  stm32f4xx_hal_tim.o [1]
TIM_OC3_SetConfig        0x800'0529   0x5e  Code  Lc  stm32f4xx_hal_tim.o [1]
TIM_OC4_SetConfig        0x800'0587   0x46  Code  Lc  stm32f4xx_hal_tim.o [1]
TIM_TI1_ConfigInputStage
                         0x800'05fd   0x1e  Code  Lc  stm32f4xx_hal_tim.o [1]
TIM_TI2_ConfigInputStage
                         0x800'061b   0x24  Code  Lc  stm32f4xx_hal_tim.o [1]
UART_DMAAbortOnError     0x800'1129    0xc  Code  Lc  stm32f4xx_hal_uart.o [1]
UART_EndRxTransfer       0x800'110d   0x1c  Code  Lc  stm32f4xx_hal_uart.o [1]
UART_Receive_IT          0x800'1135   0x92  Code  Lc  stm32f4xx_hal_uart.o [1]
UART_SetConfig           0x800'11c7   0xca  Code  Lc  stm32f4xx_hal_uart.o [1]
UART_WaitOnFlagUntilTimeout
                         0x800'10a9   0x56  Code  Lc  stm32f4xx_hal_uart.o [1]
USART1_IRQHandler        0x800'1ac1    0x6  Code  Gb  stm32f4xx_it.o [1]
UsageFault_Handler       0x800'1ab5    0x2  Code  Gb  stm32f4xx_it.o [1]
__NVIC_SetPriority       0x800'1791   0x1a  Code  Lc  stm32f4xx_hal_cortex.o [1]
__aeabi_ldiv0            0x800'1a0d         Code  Gb  I64DivZer.o [4]
__aeabi_memset           0x800'0c5d         Code  Gb  ABImemset.o [4]
__cmain                  0x800'1add         Code  Gb  cmain.o [4]
__exit                   0x800'1b11   0x14  Code  Gb  exit.o [5]
__iar_Memset             0x800'0c5d         Code  Gb  ABImemset.o [4]
__iar_Memset_word        0x800'0c65         Code  Gb  ABImemset.o [4]
__iar_copy_init3         0x800'07ef   0x2e  Code  Gb  copy_init3.o [4]
__iar_data_init3         0x800'1a3d   0x28  Code  Gb  data_init.o [4]
__iar_init_vfp           0x800'1a65         Code  Gb  fpinit_M.o [3]
__iar_program_start      0x800'1b45         Code  Gb  cstartup_M.o [4]
__iar_small_uldivmod     0x800'1905         Code  Gb  I64DivMod_small.o [4]
__iar_zero_init3         0x800'067f   0x3a  Code  Gb  zero_init3.o [4]
__low_level_init         0x800'1afb    0x4  Code  Gb  low_level_init.o [2]
__vector_table           0x800'0000         Data  Gb  startup_stm32f405xx.o [1]
_call_main               0x800'1ae9         Code  Gb  cmain.o [4]
_exit                    0x800'1b05         Code  Gb  cexit.o [4]
_main                    0x800'1af7         Code  Gb  cmain.o [4]
exit                     0x800'1aff    0x4  Code  Gb  exit.o [2]
htim2                   0x2000'0010   0x40  Data  Gb  tim.o [1]
huart1                  0x2000'0050   0x40  Data  Gb  usart.o [1]
main                     0x800'081d   0xec  Code  Gb  main.o [1]
memset                   0x800'07db   0x14  Code  Gb  memset.o [4]
uwTick                  0x2000'0004    0x4  Data  Gb  stm32f4xx_hal.o [1]
uwTickFreq              0x2000'0000    0x1  Data  Gb  stm32f4xx_hal.o [1]
uwTickPrio              0x2000'0008    0x4  Data  Gb  stm32f4xx_hal.o [1]


[1] = D:\PKNU2020\STM32\PWM_Serial_Piano\EWARM\PWM_Serial_Piano\Obj
[2] = dl7M_tln.a
[3] = m7M_tls.a
[4] = rt7M_tl.a
[5] = shb_l.a

  7'246 bytes of readonly  code memory
     62 bytes of readonly  data memory
  1'168 bytes of readwrite data memory

Errors: none
Warnings: none
