###############################################################################
#
# IAR ELF Linker V8.50.4.261/W32 for ARM                  22/Jun/2020  17:10:49
# Copyright 2007-2020 IAR Systems AB.
#
#    Output file  =  D:\PKNU2020\STM32\USART1\EWARM\USART1\Exe\USART1.out
#    Map file     =  D:\PKNU2020\STM32\USART1\EWARM\USART1\List\USART1.map
#    Command line =
#        -f C:\Users\PKNU\AppData\Local\Temp\EWEBB4.tmp
#        (D:\PKNU2020\STM32\USART1\EWARM\USART1\Obj\gpio.o
#        D:\PKNU2020\STM32\USART1\EWARM\USART1\Obj\main.o
#        D:\PKNU2020\STM32\USART1\EWARM\USART1\Obj\startup_stm32f405xx.o
#        D:\PKNU2020\STM32\USART1\EWARM\USART1\Obj\stm32f4xx_hal.o
#        D:\PKNU2020\STM32\USART1\EWARM\USART1\Obj\stm32f4xx_hal_cortex.o
#        D:\PKNU2020\STM32\USART1\EWARM\USART1\Obj\stm32f4xx_hal_dma.o
#        D:\PKNU2020\STM32\USART1\EWARM\USART1\Obj\stm32f4xx_hal_dma_ex.o
#        D:\PKNU2020\STM32\USART1\EWARM\USART1\Obj\stm32f4xx_hal_exti.o
#        D:\PKNU2020\STM32\USART1\EWARM\USART1\Obj\stm32f4xx_hal_flash.o
#        D:\PKNU2020\STM32\USART1\EWARM\USART1\Obj\stm32f4xx_hal_flash_ex.o
#        D:\PKNU2020\STM32\USART1\EWARM\USART1\Obj\stm32f4xx_hal_flash_ramfunc.o
#        D:\PKNU2020\STM32\USART1\EWARM\USART1\Obj\stm32f4xx_hal_gpio.o
#        D:\PKNU2020\STM32\USART1\EWARM\USART1\Obj\stm32f4xx_hal_msp.o
#        D:\PKNU2020\STM32\USART1\EWARM\USART1\Obj\stm32f4xx_hal_pwr.o
#        D:\PKNU2020\STM32\USART1\EWARM\USART1\Obj\stm32f4xx_hal_pwr_ex.o
#        D:\PKNU2020\STM32\USART1\EWARM\USART1\Obj\stm32f4xx_hal_rcc.o
#        D:\PKNU2020\STM32\USART1\EWARM\USART1\Obj\stm32f4xx_hal_rcc_ex.o
#        D:\PKNU2020\STM32\USART1\EWARM\USART1\Obj\stm32f4xx_hal_tim.o
#        D:\PKNU2020\STM32\USART1\EWARM\USART1\Obj\stm32f4xx_hal_tim_ex.o
#        D:\PKNU2020\STM32\USART1\EWARM\USART1\Obj\stm32f4xx_hal_uart.o
#        D:\PKNU2020\STM32\USART1\EWARM\USART1\Obj\stm32f4xx_it.o
#        D:\PKNU2020\STM32\USART1\EWARM\USART1\Obj\system_stm32f4xx.o
#        D:\PKNU2020\STM32\USART1\EWARM\USART1\Obj\usart.o --redirect
#        _Printf=_PrintfFull --redirect _Scanf=_ScanfFull --no_out_extension -o
#        D:\PKNU2020\STM32\USART1\EWARM\USART1\Exe\USART1.out --map
#        D:\PKNU2020\STM32\USART1\EWARM\USART1\List\USART1.map --config
#        D:\PKNU2020\STM32\USART1\EWARM/stm32f405xx_flash.icf --semihosting
#        --entry __iar_program_start --vfe --text_out locale)
#
###############################################################################

*******************************************************************************
*** RUNTIME MODEL ATTRIBUTES
***

CppFlavor       = *
__SystemLibrary = DLib
__dlib_version  = 6


*******************************************************************************
*** HEAP SELECTION
***

The basic heap was selected because some modules are built with
size limitations (and not runtime checking), and --advanced_heap
was not specified.


*******************************************************************************
*** PLACEMENT SUMMARY
***

"A0":  place at address 0x800'0000 { ro section .intvec };
"P1":  place in [from 0x800'0000 to 0x80f'ffff] { ro };
define block CSTACK with size = 1K, alignment = 8 { };
define block HEAP with size = 512, alignment = 8 { };
"P2":  place in [from 0x2000'0000 to 0x2001'ffff] {
          rw, block CSTACK, block HEAP };
initialize by copy { rw };

  Section            Kind         Address    Size  Object
  -------            ----         -------    ----  ------
"A0":                                       0x188
  .intvec            ro code   0x800'0000   0x188  startup_stm32f405xx.o [1]
                             - 0x800'0188   0x188

"P1":                                      0x10ed
  .text              ro code   0x800'0188   0x320  stm32f4xx_hal_uart.o [1]
  .text              ro code   0x800'04a8    0xa4  usart.o [1]
  .text              ro code   0x800'054c     0xc  stm32f4xx_hal.o [1]
  .text              ro code   0x800'0558   0x1ac  stm32f4xx_hal_rcc.o [1]
  .text              ro code   0x800'0704   0x106  I64DivMod_small.o [4]
  .text              ro code   0x800'080c    0xd6  main.o [1]
  .text              ro code   0x800'08e2    0x14  memset.o [4]
  .text              ro code   0x800'08f8   0x1dc  stm32f4xx_hal_gpio.o [1]
  .text              ro code   0x800'0ad4    0x40  stm32f4xx_hal.o [1]
  .text              ro code   0x800'0b14     0x2  I64DivZer.o [4]
  .text              ro code   0x800'0b18    0x34  stm32f4xx_hal.o [1]
  .text              ro code   0x800'0b4c    0x38  gpio.o [1]
  .text              ro code   0x800'0b84   0x310  stm32f4xx_hal_rcc.o [1]
  .text              ro code   0x800'0e94    0x66  ABImemset.o [4]
  .text              ro code   0x800'0efc    0xac  stm32f4xx_hal_cortex.o [1]
  .text              ro code   0x800'0fa8    0x38  stm32f4xx_hal_msp.o [1]
  .text              ro code   0x800'0fe0    0x38  packbits_init_single.o [4]
  .text              ro code   0x800'1018    0x2c  system_stm32f4xx.o [1]
  .text              ro code   0x800'1044    0x28  data_init.o [4]
  .text              ro code   0x800'106c    0x22  fpinit_M.o [3]
  .iar.init_table    const     0x800'1090    0x10  - Linker created -
  .text              ro code   0x800'10a0    0x1e  cmain.o [4]
  .text              ro code   0x800'10be     0x4  low_level_init.o [2]
  .text              ro code   0x800'10c2     0x4  exit.o [2]
  .text              ro code   0x800'10c8     0xa  cexit.o [4]
  .text              ro code   0x800'10d4    0x14  exit.o [5]
  .text              ro code   0x800'10e8    0x14  stm32f4xx_it.o [1]
  .text              ro code   0x800'10fc    0x10  stm32f4xx_hal.o [1]
  .text              ro code   0x800'110c    0x10  startup_stm32f405xx.o [1]
  .text              ro code   0x800'111c     0xc  cstartup_M.o [4]
  .rodata            const     0x800'1128     0x8  system_stm32f4xx.o [1]
  .text              ro code   0x800'1130     0x4  startup_stm32f405xx.o [1]
  .text              ro code   0x800'1134     0x4  startup_stm32f405xx.o [1]
  .text              ro code   0x800'1138     0x4  startup_stm32f405xx.o [1]
  .text              ro code   0x800'113c     0x4  startup_stm32f405xx.o [1]
  .text              ro code   0x800'1140     0x4  startup_stm32f405xx.o [1]
  .text              ro code   0x800'1144     0x4  startup_stm32f405xx.o [1]
  .text              ro code   0x800'1148     0x4  startup_stm32f405xx.o [1]
  .text              ro code   0x800'114c     0x4  startup_stm32f405xx.o [1]
  .text              ro code   0x800'1150     0x4  startup_stm32f405xx.o [1]
  .text              ro code   0x800'1154     0x4  startup_stm32f405xx.o [1]
  .text              ro code   0x800'1158     0x4  startup_stm32f405xx.o [1]
  .text              ro code   0x800'115c     0x4  startup_stm32f405xx.o [1]
  .text              ro code   0x800'1160     0x4  startup_stm32f405xx.o [1]
  .text              ro code   0x800'1164     0x4  startup_stm32f405xx.o [1]
  .text              ro code   0x800'1168     0x4  startup_stm32f405xx.o [1]
  .text              ro code   0x800'116c     0x4  startup_stm32f405xx.o [1]
  .text              ro code   0x800'1170     0x4  startup_stm32f405xx.o [1]
  .text              ro code   0x800'1174     0x4  startup_stm32f405xx.o [1]
  .text              ro code   0x800'1178     0x4  startup_stm32f405xx.o [1]
  .text              ro code   0x800'117c     0x4  startup_stm32f405xx.o [1]
  .text              ro code   0x800'1180     0x4  startup_stm32f405xx.o [1]
  .text              ro code   0x800'1184     0x4  startup_stm32f405xx.o [1]
  .text              ro code   0x800'1188     0x4  startup_stm32f405xx.o [1]
  .text              ro code   0x800'118c     0x4  startup_stm32f405xx.o [1]
  .text              ro code   0x800'1190     0x4  startup_stm32f405xx.o [1]
  .text              ro code   0x800'1194     0x4  startup_stm32f405xx.o [1]
  .text              ro code   0x800'1198     0x4  startup_stm32f405xx.o [1]
  .text              ro code   0x800'119c     0x4  startup_stm32f405xx.o [1]
  .text              ro code   0x800'11a0     0x4  startup_stm32f405xx.o [1]
  .text              ro code   0x800'11a4     0x4  startup_stm32f405xx.o [1]
  .text              ro code   0x800'11a8     0x4  startup_stm32f405xx.o [1]
  .text              ro code   0x800'11ac     0x4  startup_stm32f405xx.o [1]
  .text              ro code   0x800'11b0     0x4  startup_stm32f405xx.o [1]
  .text              ro code   0x800'11b4     0x4  startup_stm32f405xx.o [1]
  .text              ro code   0x800'11b8     0x4  startup_stm32f405xx.o [1]
  .text              ro code   0x800'11bc     0x4  startup_stm32f405xx.o [1]
  .text              ro code   0x800'11c0     0x4  startup_stm32f405xx.o [1]
  .text              ro code   0x800'11c4     0x4  startup_stm32f405xx.o [1]
  .text              ro code   0x800'11c8     0x4  startup_stm32f405xx.o [1]
  .text              ro code   0x800'11cc     0x4  startup_stm32f405xx.o [1]
  .text              ro code   0x800'11d0     0x4  startup_stm32f405xx.o [1]
  .text              ro code   0x800'11d4     0x4  startup_stm32f405xx.o [1]
  .text              ro code   0x800'11d8     0x4  startup_stm32f405xx.o [1]
  .text              ro code   0x800'11dc     0x4  startup_stm32f405xx.o [1]
  .text              ro code   0x800'11e0     0x4  startup_stm32f405xx.o [1]
  .text              ro code   0x800'11e4     0x4  startup_stm32f405xx.o [1]
  .text              ro code   0x800'11e8     0x4  startup_stm32f405xx.o [1]
  .text              ro code   0x800'11ec     0x4  startup_stm32f405xx.o [1]
  .text              ro code   0x800'11f0     0x4  startup_stm32f405xx.o [1]
  .text              ro code   0x800'11f4     0x4  startup_stm32f405xx.o [1]
  .text              ro code   0x800'11f8     0x4  startup_stm32f405xx.o [1]
  .text              ro code   0x800'11fc     0x4  startup_stm32f405xx.o [1]
  .text              ro code   0x800'1200     0x4  startup_stm32f405xx.o [1]
  .text              ro code   0x800'1204     0x4  startup_stm32f405xx.o [1]
  .text              ro code   0x800'1208     0x4  startup_stm32f405xx.o [1]
  .text              ro code   0x800'120c     0x4  startup_stm32f405xx.o [1]
  .text              ro code   0x800'1210     0x4  startup_stm32f405xx.o [1]
  .text              ro code   0x800'1214     0x4  startup_stm32f405xx.o [1]
  .text              ro code   0x800'1218     0x4  startup_stm32f405xx.o [1]
  .text              ro code   0x800'121c     0x4  startup_stm32f405xx.o [1]
  .text              ro code   0x800'1220     0x4  startup_stm32f405xx.o [1]
  .text              ro code   0x800'1224     0x4  startup_stm32f405xx.o [1]
  .text              ro code   0x800'1228     0x4  startup_stm32f405xx.o [1]
  .text              ro code   0x800'122c     0x4  startup_stm32f405xx.o [1]
  .text              ro code   0x800'1230     0x4  startup_stm32f405xx.o [1]
  .text              ro code   0x800'1234     0x4  startup_stm32f405xx.o [1]
  .text              ro code   0x800'1238     0x4  startup_stm32f405xx.o [1]
  .text              ro code   0x800'123c     0x4  startup_stm32f405xx.o [1]
  .text              ro code   0x800'1240     0x4  startup_stm32f405xx.o [1]
  .text              ro code   0x800'1244     0x4  startup_stm32f405xx.o [1]
  .text              ro code   0x800'1248     0x4  startup_stm32f405xx.o [1]
  .text              ro code   0x800'124c     0x4  startup_stm32f405xx.o [1]
  .text              ro code   0x800'1250     0x4  startup_stm32f405xx.o [1]
  .text              ro code   0x800'1254     0x4  startup_stm32f405xx.o [1]
  .text              ro code   0x800'1258     0x4  startup_stm32f405xx.o [1]
  .text              ro code   0x800'125c     0x4  startup_stm32f405xx.o [1]
  .text              ro code   0x800'1260     0x4  startup_stm32f405xx.o [1]
  .text              ro code   0x800'1264     0x4  startup_stm32f405xx.o [1]
  .rodata            const     0x800'1268     0x0  packbits_init_single.o [4]
  Initializer bytes  const     0x800'1268     0xd  <for P2-1>
                             - 0x800'1275  0x10ed

"P2", part 1 of 2:                           0x50
  P2-1                        0x2000'0000    0x50  <Init block>
    .data            inited   0x2000'0000     0xc  stm32f4xx_hal.o [1]
    .data            inited   0x2000'000c     0x4  system_stm32f4xx.o [1]
    .bss             inited   0x2000'0010    0x40  usart.o [1]
                            - 0x2000'0050    0x50

"P2", part 2 of 2:                          0x400
  CSTACK                      0x2000'0050   0x400  <Block>
    CSTACK           uninit   0x2000'0050   0x400  <Block tail>
                            - 0x2000'0450   0x400

Unused ranges:

         From           To      Size
         ----           --      ----
   0x800'1275   0x80f'ffff  0xf'ed8b
  0x2000'0450  0x2001'ffff  0x1'fbb0


*******************************************************************************
*** INIT TABLE
***

          Address      Size
          -------      ----
Copy/packbits (__iar_packbits_init_single3)
    1 source range, total size 0xd (16% of destination):
           0x800'1268   0xd
    1 destination range, total size 0x50:
          0x2000'0000  0x50



*******************************************************************************
*** MODULE SUMMARY
***

    Module                  ro code  ro data  rw data
    ------                  -------  -------  -------
command line/config:
    -------------------------------------------------
    Total:

D:\PKNU2020\STM32\USART1\EWARM\USART1\Obj: [1]
    gpio.o                       56
    main.o                      214
    startup_stm32f405xx.o       720
    stm32f4xx_hal.o             144        1       12
    stm32f4xx_hal_cortex.o      172
    stm32f4xx_hal_gpio.o        476
    stm32f4xx_hal_msp.o          56
    stm32f4xx_hal_rcc.o       1'212
    stm32f4xx_hal_uart.o        800
    stm32f4xx_it.o               20
    system_stm32f4xx.o           44        9        4
    usart.o                     164       11       64
    -------------------------------------------------
    Total:                    4'078       21       80

dl7M_tln.a: [2]
    exit.o                        4
    low_level_init.o              4
    -------------------------------------------------
    Total:                        8

m7M_tls.a: [3]
    fpinit_M.o                   34
    -------------------------------------------------
    Total:                       34

rt7M_tl.a: [4]
    ABImemset.o                 102
    I64DivMod_small.o           262
    I64DivZer.o                   2
    cexit.o                      10
    cmain.o                      30
    cstartup_M.o                 12
    data_init.o                  40
    memset.o                     20
    packbits_init_single.o       56
    -------------------------------------------------
    Total:                      534

shb_l.a: [5]
    exit.o                       20
    -------------------------------------------------
    Total:                       20

    Gaps                         12        2
    Linker created                        16    1'024
-----------------------------------------------------
    Grand Total:              4'686       39    1'104


*******************************************************************************
*** ENTRY LIST
***

Entry                       Address   Size  Type      Object
-----                       -------   ----  ----      ------
.iar.init_table$$Base    0x800'1090          --   Gb  - Linker created -
.iar.init_table$$Limit   0x800'10a0          --   Gb  - Linker created -
?main                    0x800'10a1         Code  Gb  cmain.o [4]
AHBPrescTable            0x800'1034   0x10  Data  Gb  system_stm32f4xx.o [1]
APBPrescTable            0x800'1128    0x8  Data  Gb  system_stm32f4xx.o [1]
BusFault_Handler         0x800'10ef    0x2  Code  Gb  stm32f4xx_it.o [1]
CSTACK$$Base            0x2000'0050          --   Gb  - Linker created -
CSTACK$$Limit           0x2000'0450          --   Gb  - Linker created -
DebugMon_Handler         0x800'10f5    0x2  Code  Gb  stm32f4xx_it.o [1]
Error_Handler            0x800'08e1    0x2  Code  Gb  main.o [1]
HAL_GPIO_Init            0x800'08f9  0x1ae  Code  Gb  stm32f4xx_hal_gpio.o [1]
HAL_GetTick              0x800'054d    0xc  Code  Wk  stm32f4xx_hal.o [1]
HAL_IncTick              0x800'10fd   0x10  Code  Wk  stm32f4xx_hal.o [1]
HAL_Init                 0x800'0b19   0x30  Code  Gb  stm32f4xx_hal.o [1]
HAL_InitTick             0x800'0ad5   0x40  Code  Wk  stm32f4xx_hal.o [1]
HAL_MspInit              0x800'0fa9   0x38  Code  Gb  stm32f4xx_hal_msp.o [1]
HAL_NVIC_SetPriority     0x800'0f31   0x3a  Code  Gb  stm32f4xx_hal_cortex.o [1]
HAL_NVIC_SetPriorityGrouping
                         0x800'0f17   0x1a  Code  Gb  stm32f4xx_hal_cortex.o [1]
HAL_RCC_ClockConfig      0x800'0559  0x100  Code  Gb  stm32f4xx_hal_rcc.o [1]
HAL_RCC_GetPCLK1Freq     0x800'0665   0x10  Code  Gb  stm32f4xx_hal_rcc.o [1]
HAL_RCC_GetPCLK2Freq     0x800'0675    0xe  Code  Gb  stm32f4xx_hal_rcc.o [1]
HAL_RCC_OscConfig        0x800'0b85  0x310  Code  Wk  stm32f4xx_hal_rcc.o [1]
HAL_SYSTICK_Config       0x800'0f6b   0x28  Code  Gb  stm32f4xx_hal_cortex.o [1]
HAL_UART_Init            0x800'0189   0x1e  Code  Gb  stm32f4xx_hal_uart.o [1]
HAL_UART_MspInit         0x800'04d7   0x66  Code  Gb  usart.o [1]
HAL_UART_Receive         0x800'02a9   0xae  Code  Gb  stm32f4xx_hal_uart.o [1]
HAL_UART_Transmit        0x800'01ff   0xaa  Code  Gb  stm32f4xx_hal_uart.o [1]
HardFault_Handler        0x800'10eb    0x2  Code  Gb  stm32f4xx_it.o [1]
MX_GPIO_Init             0x800'0b4d   0x38  Code  Gb  gpio.o [1]
MX_USART1_UART_Init      0x800'04a9   0x2e  Code  Gb  usart.o [1]
MemManage_Handler        0x800'10ed    0x2  Code  Gb  stm32f4xx_it.o [1]
NMI_Handler              0x800'10e9    0x2  Code  Gb  stm32f4xx_it.o [1]
PendSV_Handler           0x800'10f7    0x2  Code  Gb  stm32f4xx_it.o [1]
Region$$Table$$Base      0x800'1090          --   Gb  - Linker created -
Region$$Table$$Limit     0x800'10a0          --   Gb  - Linker created -
SVC_Handler              0x800'10f3    0x2  Code  Gb  stm32f4xx_it.o [1]
SysTick_Handler          0x800'10f9    0x4  Code  Gb  stm32f4xx_it.o [1]
SystemClock_Config       0x800'083f   0x96  Code  Gb  main.o [1]
SystemCoreClock         0x2000'000c    0x4  Data  Gb  system_stm32f4xx.o [1]
SystemInit               0x800'1019   0x14  Code  Gb  system_stm32f4xx.o [1]
UART_SetConfig           0x800'03c3   0xca  Code  Lc  stm32f4xx_hal_uart.o [1]
UART_WaitOnFlagUntilTimeout
                         0x800'035f   0x56  Code  Lc  stm32f4xx_hal_uart.o [1]
UsageFault_Handler       0x800'10f1    0x2  Code  Gb  stm32f4xx_it.o [1]
__NVIC_SetPriority       0x800'0efd   0x1a  Code  Lc  stm32f4xx_hal_cortex.o [1]
__aeabi_ldiv0            0x800'0b15         Code  Gb  I64DivZer.o [4]
__aeabi_memset           0x800'0e95         Code  Gb  ABImemset.o [4]
__cmain                  0x800'10a1         Code  Gb  cmain.o [4]
__exit                   0x800'10d5   0x14  Code  Gb  exit.o [5]
__iar_Memset             0x800'0e95         Code  Gb  ABImemset.o [4]
__iar_Memset_word        0x800'0e9d         Code  Gb  ABImemset.o [4]
__iar_data_init3         0x800'1045   0x28  Code  Gb  data_init.o [4]
__iar_init_vfp           0x800'106d         Code  Gb  fpinit_M.o [3]
__iar_packbits_init_single3
                         0x800'0fe1   0x38  Code  Gb  packbits_init_single.o [4]
__iar_program_start      0x800'111d         Code  Gb  cstartup_M.o [4]
__iar_small_uldivmod     0x800'0705         Code  Gb  I64DivMod_small.o [4]
__low_level_init         0x800'10bf    0x4  Code  Gb  low_level_init.o [2]
__vector_table           0x800'0000         Data  Gb  startup_stm32f405xx.o [1]
_call_main               0x800'10ad         Code  Gb  cmain.o [4]
_exit                    0x800'10c9         Code  Gb  cexit.o [4]
_main                    0x800'10bb         Code  Gb  cmain.o [4]
exit                     0x800'10c3    0x4  Code  Gb  exit.o [2]
huart1                  0x2000'0010   0x40  Data  Gb  usart.o [1]
main                     0x800'080d   0x32  Code  Gb  main.o [1]
memset                   0x800'08e3   0x14  Code  Gb  memset.o [4]
uwTick                  0x2000'0004    0x4  Data  Gb  stm32f4xx_hal.o [1]
uwTickFreq              0x2000'0000    0x1  Data  Gb  stm32f4xx_hal.o [1]
uwTickPrio              0x2000'0008    0x4  Data  Gb  stm32f4xx_hal.o [1]


[1] = D:\PKNU2020\STM32\USART1\EWARM\USART1\Obj
[2] = dl7M_tln.a
[3] = m7M_tls.a
[4] = rt7M_tl.a
[5] = shb_l.a

  4'686 bytes of readonly  code memory
     39 bytes of readonly  data memory
  1'104 bytes of readwrite data memory

Errors: none
Warnings: none
