###############################################################################
#
# IAR ELF Linker V8.50.4.261/W32 for ARM                  22/Jun/2020  17:26:54
# Copyright 2007-2020 IAR Systems AB.
#
#    Output file  =
#        D:\PKNU2020\STM32\UART2_hello\EWARM\UART2_hello\Exe\UART2_hello.out
#    Map file     =
#        D:\PKNU2020\STM32\UART2_hello\EWARM\UART2_hello\List\UART2_hello.map
#    Command line =
#        -f C:\Users\PKNU\AppData\Local\Temp\EWA509.tmp
#        (D:\PKNU2020\STM32\UART2_hello\EWARM\UART2_hello\Obj\gpio.o
#        D:\PKNU2020\STM32\UART2_hello\EWARM\UART2_hello\Obj\main.o
#        D:\PKNU2020\STM32\UART2_hello\EWARM\UART2_hello\Obj\startup_stm32f405xx.o
#        D:\PKNU2020\STM32\UART2_hello\EWARM\UART2_hello\Obj\stm32f4xx_hal.o
#        D:\PKNU2020\STM32\UART2_hello\EWARM\UART2_hello\Obj\stm32f4xx_hal_cortex.o
#        D:\PKNU2020\STM32\UART2_hello\EWARM\UART2_hello\Obj\stm32f4xx_hal_dma.o
#        D:\PKNU2020\STM32\UART2_hello\EWARM\UART2_hello\Obj\stm32f4xx_hal_dma_ex.o
#        D:\PKNU2020\STM32\UART2_hello\EWARM\UART2_hello\Obj\stm32f4xx_hal_exti.o
#        D:\PKNU2020\STM32\UART2_hello\EWARM\UART2_hello\Obj\stm32f4xx_hal_flash.o
#        D:\PKNU2020\STM32\UART2_hello\EWARM\UART2_hello\Obj\stm32f4xx_hal_flash_ex.o
#        D:\PKNU2020\STM32\UART2_hello\EWARM\UART2_hello\Obj\stm32f4xx_hal_flash_ramfunc.o
#        D:\PKNU2020\STM32\UART2_hello\EWARM\UART2_hello\Obj\stm32f4xx_hal_gpio.o
#        D:\PKNU2020\STM32\UART2_hello\EWARM\UART2_hello\Obj\stm32f4xx_hal_msp.o
#        D:\PKNU2020\STM32\UART2_hello\EWARM\UART2_hello\Obj\stm32f4xx_hal_pwr.o
#        D:\PKNU2020\STM32\UART2_hello\EWARM\UART2_hello\Obj\stm32f4xx_hal_pwr_ex.o
#        D:\PKNU2020\STM32\UART2_hello\EWARM\UART2_hello\Obj\stm32f4xx_hal_rcc.o
#        D:\PKNU2020\STM32\UART2_hello\EWARM\UART2_hello\Obj\stm32f4xx_hal_rcc_ex.o
#        D:\PKNU2020\STM32\UART2_hello\EWARM\UART2_hello\Obj\stm32f4xx_hal_tim.o
#        D:\PKNU2020\STM32\UART2_hello\EWARM\UART2_hello\Obj\stm32f4xx_hal_tim_ex.o
#        D:\PKNU2020\STM32\UART2_hello\EWARM\UART2_hello\Obj\stm32f4xx_hal_uart.o
#        D:\PKNU2020\STM32\UART2_hello\EWARM\UART2_hello\Obj\stm32f4xx_it.o
#        D:\PKNU2020\STM32\UART2_hello\EWARM\UART2_hello\Obj\system_stm32f4xx.o
#        D:\PKNU2020\STM32\UART2_hello\EWARM\UART2_hello\Obj\usart.o --redirect
#        _Printf=_PrintfFull --redirect _Scanf=_ScanfFull --no_out_extension -o
#        D:\PKNU2020\STM32\UART2_hello\EWARM\UART2_hello\Exe\UART2_hello.out
#        --map
#        D:\PKNU2020\STM32\UART2_hello\EWARM\UART2_hello\List\UART2_hello.map
#        --config D:\PKNU2020\STM32\UART2_hello\EWARM/stm32f405xx_flash.icf
#        --semihosting --entry __iar_program_start --vfe --text_out locale)
#
###############################################################################

*******************************************************************************
*** RUNTIME MODEL ATTRIBUTES
***

CppFlavor       = *
__SystemLibrary = DLib
__dlib_version  = 6


*******************************************************************************
*** HEAP SELECTION
***

The basic heap was selected because some modules are built with
size limitations (and not runtime checking), and --advanced_heap
was not specified.


*******************************************************************************
*** PLACEMENT SUMMARY
***

"A0":  place at address 0x800'0000 { ro section .intvec };
"P1":  place in [from 0x800'0000 to 0x80f'ffff] { ro };
define block CSTACK with size = 1K, alignment = 8 { };
define block HEAP with size = 512, alignment = 8 { };
"P2":  place in [from 0x2000'0000 to 0x2001'ffff] {
          rw, block CSTACK, block HEAP };
initialize by copy { rw };

  Section            Kind         Address    Size  Object
  -------            ----         -------    ----  ------
"A0":                                       0x188
  .intvec            ro code   0x800'0000   0x188  startup_stm32f405xx.o [1]
                             - 0x800'0188   0x188

"P1":                                      0x1079
  .text              ro code   0x800'0188   0x310  stm32f4xx_hal_rcc.o [1]
  .text              ro code   0x800'0498     0xc  stm32f4xx_hal.o [1]
  .text              ro code   0x800'04a4   0x270  stm32f4xx_hal_uart.o [1]
  .text              ro code   0x800'0714    0xa4  usart.o [1]
  .text              ro code   0x800'07b8   0x1ac  stm32f4xx_hal_rcc.o [1]
  .text              ro code   0x800'0964   0x106  I64DivMod_small.o [4]
  .text              ro code   0x800'0a6c    0xfc  main.o [1]
  .text              ro code   0x800'0b68    0x14  memset.o [4]
  .text              ro code   0x800'0b7c   0x1dc  stm32f4xx_hal_gpio.o [1]
  .text              ro code   0x800'0d58    0x40  stm32f4xx_hal.o [1]
  .text              ro code   0x800'0d98     0x2  I64DivZer.o [4]
  .text              ro code   0x800'0d9c    0x18  ABImemcpy_small.o [4]
  .text              ro code   0x800'0db4    0x34  stm32f4xx_hal.o [1]
  .text              ro code   0x800'0de8    0x38  gpio.o [1]
  .text              ro code   0x800'0e20    0x66  ABImemset.o [4]
  .text              ro code   0x800'0e88    0xac  stm32f4xx_hal_cortex.o [1]
  .text              ro code   0x800'0f34    0x38  stm32f4xx_hal_msp.o [1]
  .text              ro code   0x800'0f6c    0x38  packbits_init_single.o [4]
  .text              ro code   0x800'0fa4    0x2c  system_stm32f4xx.o [1]
  .text              ro code   0x800'0fd0    0x28  data_init.o [4]
  .text              ro code   0x800'0ff8    0x22  fpinit_M.o [3]
  .iar.init_table    const     0x800'101c    0x10  - Linker created -
  .text              ro code   0x800'102c    0x1e  cmain.o [4]
  .text              ro code   0x800'104a     0x4  low_level_init.o [2]
  .text              ro code   0x800'104e     0x4  exit.o [2]
  .text              ro code   0x800'1054     0xa  cexit.o [4]
  .text              ro code   0x800'1060    0x14  exit.o [5]
  .text              ro code   0x800'1074    0x14  stm32f4xx_it.o [1]
  .text              ro code   0x800'1088    0x10  stm32f4xx_hal.o [1]
  .text              ro code   0x800'1098    0x10  startup_stm32f405xx.o [1]
  .text              ro code   0x800'10a8     0xc  cstartup_M.o [4]
  .rodata            const     0x800'10b4     0x8  system_stm32f4xx.o [1]
  .text              ro code   0x800'10bc     0x4  startup_stm32f405xx.o [1]
  .text              ro code   0x800'10c0     0x4  startup_stm32f405xx.o [1]
  .text              ro code   0x800'10c4     0x4  startup_stm32f405xx.o [1]
  .text              ro code   0x800'10c8     0x4  startup_stm32f405xx.o [1]
  .text              ro code   0x800'10cc     0x4  startup_stm32f405xx.o [1]
  .text              ro code   0x800'10d0     0x4  startup_stm32f405xx.o [1]
  .text              ro code   0x800'10d4     0x4  startup_stm32f405xx.o [1]
  .text              ro code   0x800'10d8     0x4  startup_stm32f405xx.o [1]
  .text              ro code   0x800'10dc     0x4  startup_stm32f405xx.o [1]
  .text              ro code   0x800'10e0     0x4  startup_stm32f405xx.o [1]
  .text              ro code   0x800'10e4     0x4  startup_stm32f405xx.o [1]
  .text              ro code   0x800'10e8     0x4  startup_stm32f405xx.o [1]
  .text              ro code   0x800'10ec     0x4  startup_stm32f405xx.o [1]
  .text              ro code   0x800'10f0     0x4  startup_stm32f405xx.o [1]
  .text              ro code   0x800'10f4     0x4  startup_stm32f405xx.o [1]
  .text              ro code   0x800'10f8     0x4  startup_stm32f405xx.o [1]
  .text              ro code   0x800'10fc     0x4  startup_stm32f405xx.o [1]
  .text              ro code   0x800'1100     0x4  startup_stm32f405xx.o [1]
  .text              ro code   0x800'1104     0x4  startup_stm32f405xx.o [1]
  .text              ro code   0x800'1108     0x4  startup_stm32f405xx.o [1]
  .text              ro code   0x800'110c     0x4  startup_stm32f405xx.o [1]
  .text              ro code   0x800'1110     0x4  startup_stm32f405xx.o [1]
  .text              ro code   0x800'1114     0x4  startup_stm32f405xx.o [1]
  .text              ro code   0x800'1118     0x4  startup_stm32f405xx.o [1]
  .text              ro code   0x800'111c     0x4  startup_stm32f405xx.o [1]
  .text              ro code   0x800'1120     0x4  startup_stm32f405xx.o [1]
  .text              ro code   0x800'1124     0x4  startup_stm32f405xx.o [1]
  .text              ro code   0x800'1128     0x4  startup_stm32f405xx.o [1]
  .text              ro code   0x800'112c     0x4  startup_stm32f405xx.o [1]
  .text              ro code   0x800'1130     0x4  startup_stm32f405xx.o [1]
  .text              ro code   0x800'1134     0x4  startup_stm32f405xx.o [1]
  .text              ro code   0x800'1138     0x4  startup_stm32f405xx.o [1]
  .text              ro code   0x800'113c     0x4  startup_stm32f405xx.o [1]
  .text              ro code   0x800'1140     0x4  startup_stm32f405xx.o [1]
  .text              ro code   0x800'1144     0x4  startup_stm32f405xx.o [1]
  .text              ro code   0x800'1148     0x4  startup_stm32f405xx.o [1]
  .text              ro code   0x800'114c     0x4  startup_stm32f405xx.o [1]
  .text              ro code   0x800'1150     0x4  startup_stm32f405xx.o [1]
  .text              ro code   0x800'1154     0x4  startup_stm32f405xx.o [1]
  .text              ro code   0x800'1158     0x4  startup_stm32f405xx.o [1]
  .text              ro code   0x800'115c     0x4  startup_stm32f405xx.o [1]
  .text              ro code   0x800'1160     0x4  startup_stm32f405xx.o [1]
  .text              ro code   0x800'1164     0x4  startup_stm32f405xx.o [1]
  .text              ro code   0x800'1168     0x4  startup_stm32f405xx.o [1]
  .text              ro code   0x800'116c     0x4  startup_stm32f405xx.o [1]
  .text              ro code   0x800'1170     0x4  startup_stm32f405xx.o [1]
  .text              ro code   0x800'1174     0x4  startup_stm32f405xx.o [1]
  .text              ro code   0x800'1178     0x4  startup_stm32f405xx.o [1]
  .text              ro code   0x800'117c     0x4  startup_stm32f405xx.o [1]
  .text              ro code   0x800'1180     0x4  startup_stm32f405xx.o [1]
  .text              ro code   0x800'1184     0x4  startup_stm32f405xx.o [1]
  .text              ro code   0x800'1188     0x4  startup_stm32f405xx.o [1]
  .text              ro code   0x800'118c     0x4  startup_stm32f405xx.o [1]
  .text              ro code   0x800'1190     0x4  startup_stm32f405xx.o [1]
  .text              ro code   0x800'1194     0x4  startup_stm32f405xx.o [1]
  .text              ro code   0x800'1198     0x4  startup_stm32f405xx.o [1]
  .text              ro code   0x800'119c     0x4  startup_stm32f405xx.o [1]
  .text              ro code   0x800'11a0     0x4  startup_stm32f405xx.o [1]
  .text              ro code   0x800'11a4     0x4  startup_stm32f405xx.o [1]
  .text              ro code   0x800'11a8     0x4  startup_stm32f405xx.o [1]
  .text              ro code   0x800'11ac     0x4  startup_stm32f405xx.o [1]
  .text              ro code   0x800'11b0     0x4  startup_stm32f405xx.o [1]
  .text              ro code   0x800'11b4     0x4  startup_stm32f405xx.o [1]
  .text              ro code   0x800'11b8     0x4  startup_stm32f405xx.o [1]
  .text              ro code   0x800'11bc     0x4  startup_stm32f405xx.o [1]
  .text              ro code   0x800'11c0     0x4  startup_stm32f405xx.o [1]
  .text              ro code   0x800'11c4     0x4  startup_stm32f405xx.o [1]
  .text              ro code   0x800'11c8     0x4  startup_stm32f405xx.o [1]
  .text              ro code   0x800'11cc     0x4  startup_stm32f405xx.o [1]
  .text              ro code   0x800'11d0     0x4  startup_stm32f405xx.o [1]
  .text              ro code   0x800'11d4     0x4  startup_stm32f405xx.o [1]
  .text              ro code   0x800'11d8     0x4  startup_stm32f405xx.o [1]
  .text              ro code   0x800'11dc     0x4  startup_stm32f405xx.o [1]
  .text              ro code   0x800'11e0     0x4  startup_stm32f405xx.o [1]
  .text              ro code   0x800'11e4     0x4  startup_stm32f405xx.o [1]
  .text              ro code   0x800'11e8     0x4  startup_stm32f405xx.o [1]
  .text              ro code   0x800'11ec     0x4  startup_stm32f405xx.o [1]
  .text              ro code   0x800'11f0     0x4  startup_stm32f405xx.o [1]
  .rodata            const     0x800'11f4     0x0  packbits_init_single.o [4]
  Initializer bytes  const     0x800'11f4     0xd  <for P2-1>
                             - 0x800'1201  0x1079

"P2", part 1 of 2:                           0x50
  P2-1                        0x2000'0000    0x50  <Init block>
    .data            inited   0x2000'0000     0xc  stm32f4xx_hal.o [1]
    .data            inited   0x2000'000c     0x4  system_stm32f4xx.o [1]
    .bss             inited   0x2000'0010    0x40  usart.o [1]
                            - 0x2000'0050    0x50

"P2", part 2 of 2:                          0x400
  CSTACK                      0x2000'0050   0x400  <Block>
    CSTACK           uninit   0x2000'0050   0x400  <Block tail>
                            - 0x2000'0450   0x400

Unused ranges:

         From           To      Size
         ----           --      ----
   0x800'1201   0x80f'ffff  0xf'edff
  0x2000'0450  0x2001'ffff  0x1'fbb0


*******************************************************************************
*** INIT TABLE
***

          Address      Size
          -------      ----
Copy/packbits (__iar_packbits_init_single3)
    1 source range, total size 0xd (16% of destination):
           0x800'11f4   0xd
    1 destination range, total size 0x50:
          0x2000'0000  0x50



*******************************************************************************
*** MODULE SUMMARY
***

    Module                  ro code  ro data  rw data
    ------                  -------  -------  -------
command line/config:
    -------------------------------------------------
    Total:

D:\PKNU2020\STM32\UART2_hello\EWARM\UART2_hello\Obj: [1]
    gpio.o                       56
    main.o                      252
    startup_stm32f405xx.o       720
    stm32f4xx_hal.o             144        1       12
    stm32f4xx_hal_cortex.o      172
    stm32f4xx_hal_gpio.o        476
    stm32f4xx_hal_msp.o          56
    stm32f4xx_hal_rcc.o       1'212
    stm32f4xx_hal_uart.o        624
    stm32f4xx_it.o               20
    system_stm32f4xx.o           44        9        4
    usart.o                     164       11       64
    -------------------------------------------------
    Total:                    3'940       21       80

dl7M_tln.a: [2]
    exit.o                        4
    low_level_init.o              4
    -------------------------------------------------
    Total:                        8

m7M_tls.a: [3]
    fpinit_M.o                   34
    -------------------------------------------------
    Total:                       34

rt7M_tl.a: [4]
    ABImemcpy_small.o            24
    ABImemset.o                 102
    I64DivMod_small.o           262
    I64DivZer.o                   2
    cexit.o                      10
    cmain.o                      30
    cstartup_M.o                 12
    data_init.o                  40
    memset.o                     20
    packbits_init_single.o       56
    -------------------------------------------------
    Total:                      558

shb_l.a: [5]
    exit.o                       20
    -------------------------------------------------
    Total:                       20

    Gaps                         10        2
    Linker created                        16    1'024
-----------------------------------------------------
    Grand Total:              4'570       39    1'104


*******************************************************************************
*** ENTRY LIST
***

Entry                       Address   Size  Type      Object
-----                       -------   ----  ----      ------
.iar.init_table$$Base    0x800'101c          --   Gb  - Linker created -
.iar.init_table$$Limit   0x800'102c          --   Gb  - Linker created -
?main                    0x800'102d         Code  Gb  cmain.o [4]
AHBPrescTable            0x800'0fc0   0x10  Data  Gb  system_stm32f4xx.o [1]
APBPrescTable            0x800'10b4    0x8  Data  Gb  system_stm32f4xx.o [1]
BusFault_Handler         0x800'107b    0x2  Code  Gb  stm32f4xx_it.o [1]
CSTACK$$Base            0x2000'0050          --   Gb  - Linker created -
CSTACK$$Limit           0x2000'0450          --   Gb  - Linker created -
DebugMon_Handler         0x800'1081    0x2  Code  Gb  stm32f4xx_it.o [1]
Error_Handler            0x800'0b51    0x2  Code  Gb  main.o [1]
HAL_GPIO_Init            0x800'0b7d  0x1ae  Code  Gb  stm32f4xx_hal_gpio.o [1]
HAL_GetTick              0x800'0499    0xc  Code  Wk  stm32f4xx_hal.o [1]
HAL_IncTick              0x800'1089   0x10  Code  Wk  stm32f4xx_hal.o [1]
HAL_Init                 0x800'0db5   0x30  Code  Gb  stm32f4xx_hal.o [1]
HAL_InitTick             0x800'0d59   0x40  Code  Wk  stm32f4xx_hal.o [1]
HAL_MspInit              0x800'0f35   0x38  Code  Gb  stm32f4xx_hal_msp.o [1]
HAL_NVIC_SetPriority     0x800'0ebd   0x3a  Code  Gb  stm32f4xx_hal_cortex.o [1]
HAL_NVIC_SetPriorityGrouping
                         0x800'0ea3   0x1a  Code  Gb  stm32f4xx_hal_cortex.o [1]
HAL_RCC_ClockConfig      0x800'07b9  0x100  Code  Gb  stm32f4xx_hal_rcc.o [1]
HAL_RCC_GetPCLK1Freq     0x800'08c5   0x10  Code  Gb  stm32f4xx_hal_rcc.o [1]
HAL_RCC_GetPCLK2Freq     0x800'08d5    0xe  Code  Gb  stm32f4xx_hal_rcc.o [1]
HAL_RCC_OscConfig        0x800'0189  0x310  Code  Wk  stm32f4xx_hal_rcc.o [1]
HAL_SYSTICK_Config       0x800'0ef7   0x28  Code  Gb  stm32f4xx_hal_cortex.o [1]
HAL_UART_Init            0x800'04a5   0x1e  Code  Gb  stm32f4xx_hal_uart.o [1]
HAL_UART_MspInit         0x800'0743   0x66  Code  Gb  usart.o [1]
HAL_UART_Transmit        0x800'051b   0xaa  Code  Gb  stm32f4xx_hal_uart.o [1]
HardFault_Handler        0x800'1077    0x2  Code  Gb  stm32f4xx_it.o [1]
MX_GPIO_Init             0x800'0de9   0x38  Code  Gb  gpio.o [1]
MX_USART1_UART_Init      0x800'0715   0x2e  Code  Gb  usart.o [1]
MemManage_Handler        0x800'1079    0x2  Code  Gb  stm32f4xx_it.o [1]
NMI_Handler              0x800'1075    0x2  Code  Gb  stm32f4xx_it.o [1]
PendSV_Handler           0x800'1083    0x2  Code  Gb  stm32f4xx_it.o [1]
Region$$Table$$Base      0x800'101c          --   Gb  - Linker created -
Region$$Table$$Limit     0x800'102c          --   Gb  - Linker created -
SVC_Handler              0x800'107f    0x2  Code  Gb  stm32f4xx_it.o [1]
SysTick_Handler          0x800'1085    0x4  Code  Gb  stm32f4xx_it.o [1]
SystemClock_Config       0x800'0aad   0x96  Code  Gb  main.o [1]
SystemCoreClock         0x2000'000c    0x4  Data  Gb  system_stm32f4xx.o [1]
SystemInit               0x800'0fa5   0x14  Code  Gb  system_stm32f4xx.o [1]
UART_SetConfig           0x800'0631   0xca  Code  Lc  stm32f4xx_hal_uart.o [1]
UART_WaitOnFlagUntilTimeout
                         0x800'05cd   0x56  Code  Lc  stm32f4xx_hal_uart.o [1]
UsageFault_Handler       0x800'107d    0x2  Code  Gb  stm32f4xx_it.o [1]
__NVIC_SetPriority       0x800'0e89   0x1a  Code  Lc  stm32f4xx_hal_cortex.o [1]
__aeabi_ldiv0            0x800'0d99         Code  Gb  I64DivZer.o [4]
__aeabi_memset           0x800'0e21         Code  Gb  ABImemset.o [4]
__cmain                  0x800'102d         Code  Gb  cmain.o [4]
__exit                   0x800'1061   0x14  Code  Gb  exit.o [5]
__iar_Memset             0x800'0e21         Code  Gb  ABImemset.o [4]
__iar_Memset_word        0x800'0e29         Code  Gb  ABImemset.o [4]
__iar_data_init3         0x800'0fd1   0x28  Code  Gb  data_init.o [4]
__iar_init_vfp           0x800'0ff9         Code  Gb  fpinit_M.o [3]
__iar_packbits_init_single3
                         0x800'0f6d   0x38  Code  Gb  packbits_init_single.o [4]
__iar_program_start      0x800'10a9         Code  Gb  cstartup_M.o [4]
__iar_small_Memcpy       0x800'0da1         Code  Gb  ABImemcpy_small.o [4]
__iar_small_memcpy       0x800'0d9d         Code  Gb  ABImemcpy_small.o [4]
__iar_small_memcpy4      0x800'0d9d         Code  Gb  ABImemcpy_small.o [4]
__iar_small_memcpy8      0x800'0d9d         Code  Gb  ABImemcpy_small.o [4]
__iar_small_uldivmod     0x800'0965         Code  Gb  I64DivMod_small.o [4]
__low_level_init         0x800'104b    0x4  Code  Gb  low_level_init.o [2]
__vector_table           0x800'0000         Data  Gb  startup_stm32f405xx.o [1]
_call_main               0x800'1039         Code  Gb  cmain.o [4]
_exit                    0x800'1055         Code  Gb  cexit.o [4]
_main                    0x800'1047         Code  Gb  cmain.o [4]
exit                     0x800'104f    0x4  Code  Gb  exit.o [2]
huart1                  0x2000'0010   0x40  Data  Gb  usart.o [1]
main                     0x800'0a6d   0x40  Code  Gb  main.o [1]
memset                   0x800'0b69   0x14  Code  Gb  memset.o [4]
uwTick                  0x2000'0004    0x4  Data  Gb  stm32f4xx_hal.o [1]
uwTickFreq              0x2000'0000    0x1  Data  Gb  stm32f4xx_hal.o [1]
uwTickPrio              0x2000'0008    0x4  Data  Gb  stm32f4xx_hal.o [1]


[1] = D:\PKNU2020\STM32\UART2_hello\EWARM\UART2_hello\Obj
[2] = dl7M_tln.a
[3] = m7M_tls.a
[4] = rt7M_tl.a
[5] = shb_l.a

  4'570 bytes of readonly  code memory
     39 bytes of readonly  data memory
  1'104 bytes of readwrite data memory

Errors: none
Warnings: none
