###############################################################################
#
# IAR ELF Linker V8.50.4.261/W32 for ARM                  24/Jun/2020  15:02:11
# Copyright 2007-2020 IAR Systems AB.
#
#    Output file  =
#        D:\PKNU2020\STM32\ADC_Convertor_DMA\EWARM\ADC_Convertor_DMA\Exe\ADC_Convertor_DMA.out
#    Map file     =
#        D:\PKNU2020\STM32\ADC_Convertor_DMA\EWARM\ADC_Convertor_DMA\List\ADC_Convertor_DMA.map
#    Command line =
#        -f C:\Users\PKNU\AppData\Local\Temp\EW323.tmp
#        (D:\PKNU2020\STM32\ADC_Convertor_DMA\EWARM\ADC_Convertor_DMA\Obj\adc.o
#        D:\PKNU2020\STM32\ADC_Convertor_DMA\EWARM\ADC_Convertor_DMA\Obj\dma.o
#        D:\PKNU2020\STM32\ADC_Convertor_DMA\EWARM\ADC_Convertor_DMA\Obj\gpio.o
#        D:\PKNU2020\STM32\ADC_Convertor_DMA\EWARM\ADC_Convertor_DMA\Obj\lcd.o
#        D:\PKNU2020\STM32\ADC_Convertor_DMA\EWARM\ADC_Convertor_DMA\Obj\main.o
#        D:\PKNU2020\STM32\ADC_Convertor_DMA\EWARM\ADC_Convertor_DMA\Obj\startup_stm32f405xx.o
#        D:\PKNU2020\STM32\ADC_Convertor_DMA\EWARM\ADC_Convertor_DMA\Obj\stm32f4xx_hal.o
#        D:\PKNU2020\STM32\ADC_Convertor_DMA\EWARM\ADC_Convertor_DMA\Obj\stm32f4xx_hal_adc.o
#        D:\PKNU2020\STM32\ADC_Convertor_DMA\EWARM\ADC_Convertor_DMA\Obj\stm32f4xx_hal_adc_ex.o
#        D:\PKNU2020\STM32\ADC_Convertor_DMA\EWARM\ADC_Convertor_DMA\Obj\stm32f4xx_hal_cortex.o
#        D:\PKNU2020\STM32\ADC_Convertor_DMA\EWARM\ADC_Convertor_DMA\Obj\stm32f4xx_hal_dma.o
#        D:\PKNU2020\STM32\ADC_Convertor_DMA\EWARM\ADC_Convertor_DMA\Obj\stm32f4xx_hal_dma_ex.o
#        D:\PKNU2020\STM32\ADC_Convertor_DMA\EWARM\ADC_Convertor_DMA\Obj\stm32f4xx_hal_exti.o
#        D:\PKNU2020\STM32\ADC_Convertor_DMA\EWARM\ADC_Convertor_DMA\Obj\stm32f4xx_hal_flash.o
#        D:\PKNU2020\STM32\ADC_Convertor_DMA\EWARM\ADC_Convertor_DMA\Obj\stm32f4xx_hal_flash_ex.o
#        D:\PKNU2020\STM32\ADC_Convertor_DMA\EWARM\ADC_Convertor_DMA\Obj\stm32f4xx_hal_flash_ramfunc.o
#        D:\PKNU2020\STM32\ADC_Convertor_DMA\EWARM\ADC_Convertor_DMA\Obj\stm32f4xx_hal_gpio.o
#        D:\PKNU2020\STM32\ADC_Convertor_DMA\EWARM\ADC_Convertor_DMA\Obj\stm32f4xx_hal_msp.o
#        D:\PKNU2020\STM32\ADC_Convertor_DMA\EWARM\ADC_Convertor_DMA\Obj\stm32f4xx_hal_pwr.o
#        D:\PKNU2020\STM32\ADC_Convertor_DMA\EWARM\ADC_Convertor_DMA\Obj\stm32f4xx_hal_pwr_ex.o
#        D:\PKNU2020\STM32\ADC_Convertor_DMA\EWARM\ADC_Convertor_DMA\Obj\stm32f4xx_hal_rcc.o
#        D:\PKNU2020\STM32\ADC_Convertor_DMA\EWARM\ADC_Convertor_DMA\Obj\stm32f4xx_hal_rcc_ex.o
#        D:\PKNU2020\STM32\ADC_Convertor_DMA\EWARM\ADC_Convertor_DMA\Obj\stm32f4xx_hal_tim.o
#        D:\PKNU2020\STM32\ADC_Convertor_DMA\EWARM\ADC_Convertor_DMA\Obj\stm32f4xx_hal_tim_ex.o
#        D:\PKNU2020\STM32\ADC_Convertor_DMA\EWARM\ADC_Convertor_DMA\Obj\stm32f4xx_it.o
#        D:\PKNU2020\STM32\ADC_Convertor_DMA\EWARM\ADC_Convertor_DMA\Obj\system_stm32f4xx.o
#        --redirect _Printf=_PrintfFull --redirect _Scanf=_ScanfFull
#        --no_out_extension -o
#        D:\PKNU2020\STM32\ADC_Convertor_DMA\EWARM\ADC_Convertor_DMA\Exe\ADC_Convertor_DMA.out
#        --map
#        D:\PKNU2020\STM32\ADC_Convertor_DMA\EWARM\ADC_Convertor_DMA\List\ADC_Convertor_DMA.map
#        --config
#        D:\PKNU2020\STM32\ADC_Convertor_DMA\EWARM/stm32f405xx_flash.icf
#        --semihosting --entry __iar_program_start --vfe --text_out locale)
#
###############################################################################

*******************************************************************************
*** RUNTIME MODEL ATTRIBUTES
***

CppFlavor       = *
__SystemLibrary = DLib
__dlib_version  = 6


*******************************************************************************
*** HEAP SELECTION
***

The basic heap was selected because some modules are built with
size limitations (and not runtime checking), and --advanced_heap
was not specified.


*******************************************************************************
*** PLACEMENT SUMMARY
***

"A0":  place at address 0x800'0000 { ro section .intvec };
"P1":  place in [from 0x800'0000 to 0x80f'ffff] { ro };
define block CSTACK with size = 1K, alignment = 8 { };
define block HEAP with size = 512, alignment = 8 { };
"P2":  place in [from 0x2000'0000 to 0x2001'ffff] {
          rw, block CSTACK, block HEAP };
initialize by copy { rw };

  Section            Kind         Address    Size  Object
  -------            ----         -------    ----  ------
"A0":                                       0x188
  .intvec            ro code   0x800'0000   0x188  startup_stm32f405xx.o [1]
                             - 0x800'0188   0x188

"P1":                                      0x3719
  .text              ro code   0x800'0188  0x10c6  xprintffull.o [2]
  .text              ro code   0x800'124e    0x3a  zero_init3.o [4]
  .text              ro code   0x800'1288    0x7c  xlocale_c.o [2]
  .text              ro code   0x800'1304    0x16  strchr.o [4]
  .text              ro code   0x800'131a    0x1e  xencoding_8859_1.o [2]
  .text              ro code   0x800'1338    0x40  xfail_s.o [2]
  .text              ro code   0x800'1378    0x36  strlen.o [4]
  .text              ro code   0x800'13ae     0xa  xsprout.o [2]
  .text              ro code   0x800'13b8    0x58  memchr.o [4]
  .text              ro code   0x800'1410    0xa6  ABImemcpy.o [4]
  .rodata            const     0x800'14b6     0x2  xlocale_c.o [2]
  .text              ro code   0x800'14b8    0x70  frexp.o [3]
  .text              ro code   0x800'1528    0x2e  DblCmpLe.o [3]
  .rodata            const     0x800'1556     0x2  xlocale_c.o [2]
  .text              ro code   0x800'1558    0x2e  DblCmpGe.o [3]
  .rodata            const     0x800'1586     0x1  xlocale_c.o [2]
  .text              ro code   0x800'1588   0x13a  ldexp.o [3]
  .text              ro code   0x800'16c4    0x3a  DblToS32.o [3]
  .text              ro code   0x800'1700    0x22  S32ToDbl.o [3]
  .text              ro code   0x800'1724    0xe2  DblSub.o [3]
  .text              ro code   0x800'1808   0x246  DblDiv.o [3]
  .text              ro code   0x800'1a50    0x28  DblToU32.o [3]
  .text              ro code   0x800'1a78    0x1a  U32ToDbl.o [3]
  .text              ro code   0x800'1a94   0x1a2  DblMul.o [3]
  .text              ro code   0x800'1c36     0xa  xmbcurmax.o [2]
  .text              ro code   0x800'1c40   0x106  I64DivMod_small.o [4]
  .text              ro code   0x800'1d46     0x6  abort.o [2]
  .text              ro code   0x800'1d4c   0x16a  DblAdd.o [3]
  .text              ro code   0x800'1eb8     0x2  I64DivZer.o [4]
  .text              ro code   0x800'1ebc    0x14  exit.o [5]
  .text              ro code   0x800'1ed0   0x472  stm32f4xx_hal_adc.o [1]
  .text              ro code   0x800'2344   0x114  adc.o [1]
  .text              ro code   0x800'2458   0x360  stm32f4xx_hal_dma.o [1]
  .text              ro code   0x800'27b8     0x2  stm32f4xx_hal_adc.o [1]
  .text              ro code   0x800'27ba     0x2  stm32f4xx_hal_adc.o [1]
  .text              ro code   0x800'27bc     0x2  stm32f4xx_hal_adc.o [1]
  .text              ro code   0x800'27be    0x14  memset.o [4]
  .text              ro code   0x800'27d4   0x144  main.o [1]
  .text              ro code   0x800'2918   0x1e4  stm32f4xx_hal_gpio.o [1]
  .text              ro code   0x800'2afc     0xc  stm32f4xx_hal.o [1]
  .text              ro code   0x800'2b08    0x66  ABImemset.o [4]
  .text              ro code   0x800'2b70    0x34  stm32f4xx_hal.o [1]
  .text              ro code   0x800'2ba4    0xb4  gpio.o [1]
  .text              ro code   0x800'2c58    0x34  dma.o [1]
  .text              ro code   0x800'2c8c   0x2e6  lcd.o [1]
  .text              ro code   0x800'2f74    0x40  sprintf.o [2]
  .text              ro code   0x800'2fb4    0x28  stm32f4xx_hal.o [1]
  .text              ro code   0x800'2fdc   0x310  stm32f4xx_hal_rcc.o [1]
  .text              ro code   0x800'32ec   0x180  stm32f4xx_hal_rcc.o [1]
  .text              ro code   0x800'346c    0xc4  stm32f4xx_hal_cortex.o [1]
  .text              ro code   0x800'3530    0x40  stm32f4xx_hal.o [1]
  .text              ro code   0x800'3570    0x38  stm32f4xx_hal_msp.o [1]
  .text              ro code   0x800'35a8    0x78  lz77_init_single.o [4]
  .text              ro code   0x800'3620    0x2c  system_stm32f4xx.o [1]
  .text              ro code   0x800'364c    0x28  data_init.o [4]
  .text              ro code   0x800'3674    0x22  fpinit_M.o [3]
  .iar.init_table    const     0x800'3698    0x20  - Linker created -
  .text              ro code   0x800'36b8    0x20  stm32f4xx_it.o [1]
  .text              ro code   0x800'36d8    0x10  stm32f4xx_hal.o [1]
  .text              ro code   0x800'36e8    0x1e  cmain.o [4]
  .text              ro code   0x800'3706     0x4  low_level_init.o [2]
  .text              ro code   0x800'370a     0x4  exit.o [2]
  .text              ro code   0x800'3710     0xa  cexit.o [4]
  .text              ro code   0x800'371c    0x10  startup_stm32f405xx.o [1]
  .text              ro code   0x800'372c     0xc  cstartup_M.o [4]
  .text              ro code   0x800'3738     0x4  startup_stm32f405xx.o [1]
  .text              ro code   0x800'373c     0x4  startup_stm32f405xx.o [1]
  .text              ro code   0x800'3740     0x4  startup_stm32f405xx.o [1]
  .text              ro code   0x800'3744     0x4  startup_stm32f405xx.o [1]
  .text              ro code   0x800'3748     0x4  startup_stm32f405xx.o [1]
  .text              ro code   0x800'374c     0x4  startup_stm32f405xx.o [1]
  .text              ro code   0x800'3750     0x4  startup_stm32f405xx.o [1]
  .text              ro code   0x800'3754     0x4  startup_stm32f405xx.o [1]
  .text              ro code   0x800'3758     0x4  startup_stm32f405xx.o [1]
  .text              ro code   0x800'375c     0x4  startup_stm32f405xx.o [1]
  .text              ro code   0x800'3760     0x4  startup_stm32f405xx.o [1]
  .text              ro code   0x800'3764     0x4  startup_stm32f405xx.o [1]
  .text              ro code   0x800'3768     0x4  startup_stm32f405xx.o [1]
  .text              ro code   0x800'376c     0x4  startup_stm32f405xx.o [1]
  .text              ro code   0x800'3770     0x4  startup_stm32f405xx.o [1]
  .text              ro code   0x800'3774     0x4  startup_stm32f405xx.o [1]
  .text              ro code   0x800'3778     0x4  startup_stm32f405xx.o [1]
  .text              ro code   0x800'377c     0x4  startup_stm32f405xx.o [1]
  .text              ro code   0x800'3780     0x4  startup_stm32f405xx.o [1]
  .text              ro code   0x800'3784     0x4  startup_stm32f405xx.o [1]
  .text              ro code   0x800'3788     0x4  startup_stm32f405xx.o [1]
  .text              ro code   0x800'378c     0x4  startup_stm32f405xx.o [1]
  .text              ro code   0x800'3790     0x4  startup_stm32f405xx.o [1]
  .text              ro code   0x800'3794     0x4  startup_stm32f405xx.o [1]
  .text              ro code   0x800'3798     0x4  startup_stm32f405xx.o [1]
  .text              ro code   0x800'379c     0x4  startup_stm32f405xx.o [1]
  .text              ro code   0x800'37a0     0x4  startup_stm32f405xx.o [1]
  .text              ro code   0x800'37a4     0x4  startup_stm32f405xx.o [1]
  .text              ro code   0x800'37a8     0x4  startup_stm32f405xx.o [1]
  .text              ro code   0x800'37ac     0x4  startup_stm32f405xx.o [1]
  .text              ro code   0x800'37b0     0x4  startup_stm32f405xx.o [1]
  .text              ro code   0x800'37b4     0x4  startup_stm32f405xx.o [1]
  .text              ro code   0x800'37b8     0x4  startup_stm32f405xx.o [1]
  .text              ro code   0x800'37bc     0x4  startup_stm32f405xx.o [1]
  .text              ro code   0x800'37c0     0x4  startup_stm32f405xx.o [1]
  .text              ro code   0x800'37c4     0x4  startup_stm32f405xx.o [1]
  .text              ro code   0x800'37c8     0x4  startup_stm32f405xx.o [1]
  .text              ro code   0x800'37cc     0x4  startup_stm32f405xx.o [1]
  .text              ro code   0x800'37d0     0x4  startup_stm32f405xx.o [1]
  .text              ro code   0x800'37d4     0x4  startup_stm32f405xx.o [1]
  .text              ro code   0x800'37d8     0x4  startup_stm32f405xx.o [1]
  .text              ro code   0x800'37dc     0x4  startup_stm32f405xx.o [1]
  .text              ro code   0x800'37e0     0x4  startup_stm32f405xx.o [1]
  .text              ro code   0x800'37e4     0x4  startup_stm32f405xx.o [1]
  .text              ro code   0x800'37e8     0x4  startup_stm32f405xx.o [1]
  .text              ro code   0x800'37ec     0x4  startup_stm32f405xx.o [1]
  .text              ro code   0x800'37f0     0x4  startup_stm32f405xx.o [1]
  .text              ro code   0x800'37f4     0x4  startup_stm32f405xx.o [1]
  .text              ro code   0x800'37f8     0x4  startup_stm32f405xx.o [1]
  .text              ro code   0x800'37fc     0x4  startup_stm32f405xx.o [1]
  .text              ro code   0x800'3800     0x4  startup_stm32f405xx.o [1]
  .text              ro code   0x800'3804     0x4  startup_stm32f405xx.o [1]
  .text              ro code   0x800'3808     0x4  startup_stm32f405xx.o [1]
  .text              ro code   0x800'380c     0x4  startup_stm32f405xx.o [1]
  .text              ro code   0x800'3810     0x4  startup_stm32f405xx.o [1]
  .text              ro code   0x800'3814     0x4  startup_stm32f405xx.o [1]
  .text              ro code   0x800'3818     0x4  startup_stm32f405xx.o [1]
  .text              ro code   0x800'381c     0x4  startup_stm32f405xx.o [1]
  .text              ro code   0x800'3820     0x4  startup_stm32f405xx.o [1]
  .text              ro code   0x800'3824     0x4  startup_stm32f405xx.o [1]
  .text              ro code   0x800'3828     0x4  startup_stm32f405xx.o [1]
  .text              ro code   0x800'382c     0x4  startup_stm32f405xx.o [1]
  .text              ro code   0x800'3830     0x4  startup_stm32f405xx.o [1]
  .text              ro code   0x800'3834     0x4  startup_stm32f405xx.o [1]
  .text              ro code   0x800'3838     0x4  startup_stm32f405xx.o [1]
  .text              ro code   0x800'383c     0x4  startup_stm32f405xx.o [1]
  .text              ro code   0x800'3840     0x4  startup_stm32f405xx.o [1]
  .text              ro code   0x800'3844     0x4  startup_stm32f405xx.o [1]
  .text              ro code   0x800'3848     0x4  startup_stm32f405xx.o [1]
  .text              ro code   0x800'384c     0x4  startup_stm32f405xx.o [1]
  .text              ro code   0x800'3850     0x4  startup_stm32f405xx.o [1]
  .text              ro code   0x800'3854     0x4  startup_stm32f405xx.o [1]
  .text              ro code   0x800'3858     0x4  startup_stm32f405xx.o [1]
  .text              ro code   0x800'385c     0x4  startup_stm32f405xx.o [1]
  .text              ro code   0x800'3860     0x4  startup_stm32f405xx.o [1]
  .text              ro code   0x800'3864     0x4  startup_stm32f405xx.o [1]
  .text              ro code   0x800'3868     0x4  startup_stm32f405xx.o [1]
  .rodata            const     0x800'386c     0x0  zero_init3.o [4]
  .rodata            const     0x800'386c     0x0  lz77_init_single.o [4]
  Initializer bytes  const     0x800'386c    0x35  <for P2-1>
                             - 0x800'38a1  0x3719

"P2", part 1 of 3:                           0x90
  P2-1                        0x2000'0000    0x90  <Init block>
    .data            inited   0x2000'0000     0xc  stm32f4xx_hal.o [1]
    .data            inited   0x2000'000c     0x4  system_stm32f4xx.o [1]
    .data            inited   0x2000'0010    0x38  xlocale_c.o [2]
    .data            inited   0x2000'0048    0x48  xlocale_c.o [2]
                            - 0x2000'0090    0x90

"P2", part 2 of 3:                           0xbc
  .bss               zero     0x2000'0090    0x60  adc.o [1]
  .bss               zero     0x2000'00f0    0x48  adc.o [1]
  .bss               zero     0x2000'0138    0x10  main.o [1]
  .bss               zero     0x2000'0148     0x4  xfail_s.o [2]
                            - 0x2000'014c    0xbc

"P2", part 3 of 3:                          0x400
  CSTACK                      0x2000'0150   0x400  <Block>
    CSTACK           uninit   0x2000'0150   0x400  <Block tail>
                            - 0x2000'0550   0x400

Unused ranges:

         From           To      Size
         ----           --      ----
   0x800'38a1   0x80f'ffff  0xf'c75f
  0x2000'014c  0x2000'014f       0x4
  0x2000'0550  0x2001'ffff  0x1'fab0


*******************************************************************************
*** INIT TABLE
***

          Address      Size
          -------      ----
Zero (__iar_zero_init3)
    1 destination range, total size 0xbc:
          0x2000'0090  0xbc

Copy/lz77 (__iar_lz77_init_single3)
    1 source range, total size 0x35 (36% of destination):
           0x800'386c  0x35
    1 destination range, total size 0x90:
          0x2000'0000  0x90



*******************************************************************************
*** MODULE SUMMARY
***

    Module                  ro code  ro data  rw data
    ------                  -------  -------  -------
command line/config:
    -------------------------------------------------
    Total:

D:\PKNU2020\STM32\ADC_Convertor_DMA\EWARM\ADC_Convertor_DMA\Obj: [1]
    adc.o                       276               168
    dma.o                        52
    gpio.o                      180
    lcd.o                       742
    main.o                      324                16
    startup_stm32f405xx.o       716
    stm32f4xx_hal.o             184        4       12
    stm32f4xx_hal_adc.o       1'144
    stm32f4xx_hal_cortex.o      196
    stm32f4xx_hal_dma.o         864
    stm32f4xx_hal_gpio.o        484
    stm32f4xx_hal_msp.o          56
    stm32f4xx_hal_rcc.o       1'168
    stm32f4xx_it.o               32
    system_stm32f4xx.o           44        1        4
    -------------------------------------------------
    Total:                    6'462        5      200

dl7M_tlf.a: [2]
    abort.o                       6
    exit.o                        4
    low_level_init.o              4
    sprintf.o                    64
    xencoding_8859_1.o           30
    xfail_s.o                    64                 4
    xlocale_c.o                 124       53      128
    xmbcurmax.o                  10
    xprintffull.o             4'294
    xsprout.o                    10
    -------------------------------------------------
    Total:                    4'610       53      132

m7M_tls.a: [3]
    DblAdd.o                    362
    DblCmpGe.o                   46
    DblCmpLe.o                   46
    DblDiv.o                    582
    DblMul.o                    418
    DblSub.o                    226
    DblToS32.o                   58
    DblToU32.o                   40
    S32ToDbl.o                   34
    U32ToDbl.o                   26
    fpinit_M.o                   34
    frexp.o                     112
    ldexp.o                     314
    -------------------------------------------------
    Total:                    2'298

rt7M_tl.a: [4]
    ABImemcpy.o                 166
    ABImemset.o                 102
    I64DivMod_small.o           262
    I64DivZer.o                   2
    cexit.o                      10
    cmain.o                      30
    cstartup_M.o                 12
    data_init.o                  40
    lz77_init_single.o          120
    memchr.o                     88
    memset.o                     20
    strchr.o                     22
    strlen.o                     54
    zero_init3.o                 58
    -------------------------------------------------
    Total:                      986

shb_l.a: [5]
    exit.o                       20
    -------------------------------------------------
    Total:                       20

    Gaps                         29        2
    Linker created                        32    1'024
-----------------------------------------------------
    Grand Total:             14'405       92    1'356


*******************************************************************************
*** ENTRY LIST
***

Entry                       Address   Size  Type      Object
-----                       -------   ----  ----      ------
.iar.init_table$$Base    0x800'3698          --   Gb  - Linker created -
.iar.init_table$$Limit   0x800'36b8          --   Gb  - Linker created -
?main                    0x800'36e9         Code  Gb  cmain.o [4]
ADC_DMAConvCplt          0x800'22c1   0x66  Code  Lc  stm32f4xx_hal_adc.o [1]
ADC_DMAError             0x800'2331   0x12  Code  Lc  stm32f4xx_hal_adc.o [1]
ADC_DMAHalfConvCplt      0x800'2329    0x6  Code  Lc  stm32f4xx_hal_adc.o [1]
AHBPrescTable            0x800'363c   0x10  Data  Gb  system_stm32f4xx.o [1]
BusFault_Handler         0x800'36bf    0x2  Code  Gb  stm32f4xx_it.o [1]
CSTACK$$Base            0x2000'0150          --   Gb  - Linker created -
CSTACK$$Limit           0x2000'0550          --   Gb  - Linker created -
CacheMore                0x800'128d   0x28  Code  Lc  xlocale_c.o [2]
DMA2_Stream0_IRQHandler
                         0x800'36cd    0x6  Code  Gb  stm32f4xx_it.o [1]
DMA_CalcBaseAndBitshift
                         0x800'2789   0x26  Code  Lc  stm32f4xx_hal_dma.o [1]
DMA_CalcBaseAndBitshift::flagBitshiftOffset
                         0x800'27b0    0x8  Data  Lc  stm32f4xx_hal_dma.o [1]
DMA_SetConfig            0x800'2769   0x20  Code  Lc  stm32f4xx_hal_dma.o [1]
DebugMon_Handler         0x800'36c5    0x2  Code  Gb  stm32f4xx_it.o [1]
Error_Handler            0x800'28f9    0x2  Code  Gb  main.o [1]
HAL_ADC_ConfigChannel    0x800'2165  0x110  Code  Gb  stm32f4xx_hal_adc.o [1]
HAL_ADC_Init             0x800'1ed1  0x154  Code  Gb  stm32f4xx_hal_adc.o [1]
HAL_ADC_MspInit          0x800'23a5   0x98  Code  Gb  adc.o [1]
HAL_ADC_Start_DMA        0x800'2057  0x10e  Code  Gb  stm32f4xx_hal_adc.o [1]
HAL_DMA_IRQHandler       0x800'25a9  0x188  Code  Gb  stm32f4xx_hal_dma.o [1]
HAL_DMA_Init             0x800'2459   0xee  Code  Gb  stm32f4xx_hal_dma.o [1]
HAL_DMA_Start_IT         0x800'2547   0x62  Code  Gb  stm32f4xx_hal_dma.o [1]
HAL_Delay                0x800'2fb5   0x28  Code  Wk  stm32f4xx_hal.o [1]
HAL_GPIO_Init            0x800'2919  0x1ae  Code  Gb  stm32f4xx_hal_gpio.o [1]
HAL_GPIO_WritePin        0x800'2ac7    0x8  Code  Gb  stm32f4xx_hal_gpio.o [1]
HAL_GetTick              0x800'2afd    0xc  Code  Wk  stm32f4xx_hal.o [1]
HAL_IncTick              0x800'36d9   0x10  Code  Wk  stm32f4xx_hal.o [1]
HAL_Init                 0x800'2b71   0x30  Code  Gb  stm32f4xx_hal.o [1]
HAL_InitTick             0x800'3531   0x40  Code  Wk  stm32f4xx_hal.o [1]
HAL_MspInit              0x800'3571   0x38  Code  Gb  stm32f4xx_hal_msp.o [1]
HAL_NVIC_EnableIRQ       0x800'34db   0x16  Code  Gb  stm32f4xx_hal_cortex.o [1]
HAL_NVIC_SetPriority     0x800'34a1   0x3a  Code  Gb  stm32f4xx_hal_cortex.o [1]
HAL_NVIC_SetPriorityGrouping
                         0x800'3487   0x1a  Code  Gb  stm32f4xx_hal_cortex.o [1]
HAL_RCC_ClockConfig      0x800'32ed  0x100  Code  Gb  stm32f4xx_hal_rcc.o [1]
HAL_RCC_OscConfig        0x800'2fdd  0x310  Code  Wk  stm32f4xx_hal_rcc.o [1]
HAL_SYSTICK_Config       0x800'34f1   0x28  Code  Gb  stm32f4xx_hal_cortex.o [1]
HardFault_Handler        0x800'36bb    0x2  Code  Gb  stm32f4xx_it.o [1]
MX_ADC1_Init             0x800'2345   0x60  Code  Gb  adc.o [1]
MX_DMA_Init              0x800'2c59   0x34  Code  Gb  dma.o [1]
MX_GPIO_Init             0x800'2ba5   0x96  Code  Gb  gpio.o [1]
MemManage_Handler        0x800'36bd    0x2  Code  Gb  stm32f4xx_it.o [1]
NMI_Handler              0x800'36b9    0x2  Code  Gb  stm32f4xx_it.o [1]
PendSV_Handler           0x800'36c7    0x2  Code  Gb  stm32f4xx_it.o [1]
Region$$Table$$Base      0x800'3698          --   Gb  - Linker created -
Region$$Table$$Limit     0x800'36b8          --   Gb  - Linker created -
SVC_Handler              0x800'36c3    0x2  Code  Gb  stm32f4xx_it.o [1]
SysTick_Handler          0x800'36c9    0x4  Code  Gb  stm32f4xx_it.o [1]
SystemClock_Config       0x800'284f   0x96  Code  Gb  main.o [1]
SystemCoreClock         0x2000'000c    0x4  Data  Gb  system_stm32f4xx.o [1]
SystemInit               0x800'3621   0x14  Code  Gb  system_stm32f4xx.o [1]
UsageFault_Handler       0x800'36c1    0x2  Code  Gb  stm32f4xx_it.o [1]
_Encoding_8859_1_Mbrlen
                         0x800'132d    0x2  Code  Gb  xencoding_8859_1.o [2]
_Encoding_8859_1_Wctomb
                         0x800'131b   0x12  Code  Gb  xencoding_8859_1.o [2]
_LitobFull               0x800'109b  0x10a  Code  Lc  xprintffull.o [2]
_Locale_lconv           0x2000'0010   0x38  Data  Lc  xlocale_c.o [2]
_PrintfFull              0x800'0189  0xcc2  Code  Gb  xprintffull.o [2]
_PutcharsFull            0x800'120d   0x2e  Code  Lc  xprintffull.o [2]
_PutstrFull              0x800'0fdb   0xc0  Code  Lc  xprintffull.o [2]
_PuttxtFull              0x800'0ecf  0x10c  Code  Lc  xprintffull.o [2]
_SProut                  0x800'13af    0xa  Code  Gb  xsprout.o [2]
__NVIC_SetPriority       0x800'346d   0x1a  Code  Lc  stm32f4xx_hal_cortex.o [1]
__aeabi_cdcmple          0x800'1529         Code  Gb  DblCmpLe.o [3]
__aeabi_cdrcmple         0x800'1559         Code  Gb  DblCmpGe.o [3]
__aeabi_d2iz             0x800'16c5         Code  Gb  DblToS32.o [3]
__aeabi_d2uiz            0x800'1a51         Code  Gb  DblToU32.o [3]
__aeabi_ddiv             0x800'1809         Code  Gb  DblDiv.o [3]
__aeabi_dmul             0x800'1a95         Code  Gb  DblMul.o [3]
__aeabi_dsub             0x800'1725         Code  Gb  DblSub.o [3]
__aeabi_i2d              0x800'1701         Code  Gb  S32ToDbl.o [3]
__aeabi_ldiv0            0x800'1eb9         Code  Gb  I64DivZer.o [4]
__aeabi_memcpy           0x800'1411         Code  Gb  ABImemcpy.o [4]
__aeabi_memcpy4          0x800'1431         Code  Gb  ABImemcpy.o [4]
__aeabi_memcpy8          0x800'1431         Code  Gb  ABImemcpy.o [4]
__aeabi_memset           0x800'2b09         Code  Gb  ABImemset.o [4]
__aeabi_ui2d             0x800'1a79         Code  Gb  U32ToDbl.o [3]
__cmain                  0x800'36e9         Code  Gb  cmain.o [4]
__exit                   0x800'1ebd   0x14  Code  Gb  exit.o [5]
__iar_Fail_s             0x800'1339   0x1c  Code  Gb  xfail_s.o [2]
__iar_Mbcurmax           0x800'1c37    0xa  Code  Gb  xmbcurmax.o [2]
__iar_Memchr             0x800'13b9         Code  Gb  memchr.o [4]
__iar_Memset             0x800'2b09         Code  Gb  ABImemset.o [4]
__iar_Memset_word        0x800'2b11         Code  Gb  ABImemset.o [4]
__iar_Strchr             0x800'1305         Code  Gb  strchr.o [4]
__iar_dadd               0x800'1735         Code  Gb  DblSub.o [3]
__iar_data_init3         0x800'364d   0x28  Code  Gb  data_init.o [4]
__iar_dsub               0x800'1d4d         Code  Gb  DblAdd.o [3]
__iar_dsubStart          0x800'1d5f         Code  Gb  DblAdd.o [3]
__iar_frexp              0x800'14c5         Code  Gb  frexp.o [3]
__iar_frexpl             0x800'14c5         Code  Gb  frexp.o [3]
__iar_globLocale        0x2000'0048   0x48  Data  Lc  xlocale_c.o [2]
__iar_global_Locale      0x800'1289    0x4  Code  Gb  xlocale_c.o [2]
__iar_init_vfp           0x800'3675         Code  Gb  fpinit_M.o [3]
__iar_ldexp64            0x800'1589         Code  Gb  ldexp.o [3]
__iar_lz77_init_single3
                         0x800'35a9   0x78  Code  Gb  lz77_init_single.o [4]
__iar_program_start      0x800'372d         Code  Gb  cstartup_M.o [4]
__iar_scalbln64          0x800'1589         Code  Gb  ldexp.o [3]
__iar_scalbn64           0x800'1589         Code  Gb  ldexp.o [3]
__iar_small_uldivmod     0x800'1c41         Code  Gb  I64DivMod_small.o [4]
__iar_softfp___iar_frexp64
                         0x800'14b9         Code  Gb  frexp.o [3]
__iar_softfp_frexp       0x800'14b9         Code  Gb  frexp.o [3]
__iar_softfp_frexpl      0x800'14b9         Code  Gb  frexp.o [3]
__iar_zero_init3         0x800'124f   0x3a  Code  Gb  zero_init3.o [4]
__low_level_init         0x800'3707    0x4  Code  Gb  low_level_init.o [2]
__vector_table           0x800'0000         Data  Gb  startup_stm32f405xx.o [1]
_call_main               0x800'36f5         Code  Gb  cmain.o [4]
_exit                    0x800'3711         Code  Gb  cexit.o [4]
_gLocale_mblen           0x800'12f1    0x4  Code  Gb  xlocale_c.o [2]
_gLocale_mblenInt        0x800'12b5   0x2c  Code  Gb  xlocale_c.o [2]
_gLocale_wctomb          0x800'12f5    0x4  Code  Gb  xlocale_c.o [2]
_gLocale_wctombInt       0x800'12ed    0x4  Code  Gb  xlocale_c.o [2]
_main                    0x800'3703         Code  Gb  cmain.o [4]
abort                    0x800'1d47    0x6  Code  Gb  abort.o [2]
adcData                 0x2000'0138    0x2  Data  Gb  main.o [1]
exit                     0x800'370b    0x4  Code  Gb  exit.o [2]
hadc1                   0x2000'00f0   0x48  Data  Gb  adc.o [1]
hdma_adc1               0x2000'0090   0x60  Data  Gb  adc.o [1]
lcdControlWrite          0x800'2e5b    0xc  Code  Gb  lcd.o [1]
lcdDataWrite             0x800'2e67   0x12  Code  Gb  lcd.o [1]
lcdGotoXY                0x800'2f1f   0x1e  Code  Gb  lcd.o [1]
lcdInit                  0x800'2eed   0x32  Code  Gb  lcd.o [1]
lcdInitHW                0x800'2df9   0x62  Code  Gb  lcd.o [1]
lcdPrint                 0x800'2f59   0x1a  Code  Gb  lcd.o [1]
lcdPrintData             0x800'2f3d   0x1c  Code  Gb  lcd.o [1]
lcdmDelay                0x800'2ddb   0x1e  Code  Lc  lcd.o [1]
lcduDelay                0x800'2c8d  0x14e  Code  Lc  lcd.o [1]
ldexp                    0x800'1589         Code  Gb  ldexp.o [3]
ldexpl                   0x800'1589         Code  Gb  ldexp.o [3]
localeconv               0x800'12f9    0x4  Code  Gb  xlocale_c.o [2]
main                     0x800'27d5   0x7a  Code  Gb  main.o [1]
memchr                   0x800'13b9         Code  Gb  memchr.o [4]
memset                   0x800'27bf   0x14  Code  Gb  memset.o [4]
scalbln                  0x800'1589         Code  Gb  ldexp.o [3]
scalblnl                 0x800'1589         Code  Gb  ldexp.o [3]
scalbn                   0x800'1589         Code  Gb  ldexp.o [3]
scalbnl                  0x800'1589         Code  Gb  ldexp.o [3]
scale                    0x800'11a5   0x46  Code  Lc  xprintffull.o [2]
sec_hand                0x2000'0148    0x4  Data  Lc  xfail_s.o [2]
sprintf                  0x800'2f75   0x40  Code  Gb  sprintf.o [2]
str                     0x2000'013c    0xc  Data  Gb  main.o [1]
strchr                   0x800'1305         Code  Gb  strchr.o [4]
strlen                   0x800'1379         Code  Gb  strlen.o [4]
uwTick                  0x2000'0004    0x4  Data  Gb  stm32f4xx_hal.o [1]
uwTickFreq              0x2000'0000    0x1  Data  Gb  stm32f4xx_hal.o [1]
uwTickPrio              0x2000'0008    0x4  Data  Gb  stm32f4xx_hal.o [1]


[1] = D:\PKNU2020\STM32\ADC_Convertor_DMA\EWARM\ADC_Convertor_DMA\Obj
[2] = dl7M_tlf.a
[3] = m7M_tls.a
[4] = rt7M_tl.a
[5] = shb_l.a

  14'405 bytes of readonly  code memory
      92 bytes of readonly  data memory
   1'356 bytes of readwrite data memory

Errors: none
Warnings: none
