###############################################################################
#
# IAR ELF Linker V8.50.4.261/W32 for ARM                  24/Jun/2020  09:20:11
# Copyright 2007-2020 IAR Systems AB.
#
#    Output file  =
#        D:\PKNU2020\STM32\UART_SerialLcd\EWARM\UART_SerialLcd\Exe\UART_SerialLcd.out
#    Map file     =
#        D:\PKNU2020\STM32\UART_SerialLcd\EWARM\UART_SerialLcd\List\UART_SerialLcd.map
#    Command line =
#        -f C:\Users\PKNU\AppData\Local\Temp\EWE5C8.tmp
#        (D:\PKNU2020\STM32\UART_SerialLcd\EWARM\UART_SerialLcd\Obj\gpio.o
#        D:\PKNU2020\STM32\UART_SerialLcd\EWARM\UART_SerialLcd\Obj\lcd.o
#        D:\PKNU2020\STM32\UART_SerialLcd\EWARM\UART_SerialLcd\Obj\main.o
#        D:\PKNU2020\STM32\UART_SerialLcd\EWARM\UART_SerialLcd\Obj\startup_stm32f405xx.o
#        D:\PKNU2020\STM32\UART_SerialLcd\EWARM\UART_SerialLcd\Obj\stm32f4xx_hal.o
#        D:\PKNU2020\STM32\UART_SerialLcd\EWARM\UART_SerialLcd\Obj\stm32f4xx_hal_cortex.o
#        D:\PKNU2020\STM32\UART_SerialLcd\EWARM\UART_SerialLcd\Obj\stm32f4xx_hal_dma.o
#        D:\PKNU2020\STM32\UART_SerialLcd\EWARM\UART_SerialLcd\Obj\stm32f4xx_hal_dma_ex.o
#        D:\PKNU2020\STM32\UART_SerialLcd\EWARM\UART_SerialLcd\Obj\stm32f4xx_hal_exti.o
#        D:\PKNU2020\STM32\UART_SerialLcd\EWARM\UART_SerialLcd\Obj\stm32f4xx_hal_flash.o
#        D:\PKNU2020\STM32\UART_SerialLcd\EWARM\UART_SerialLcd\Obj\stm32f4xx_hal_flash_ex.o
#        D:\PKNU2020\STM32\UART_SerialLcd\EWARM\UART_SerialLcd\Obj\stm32f4xx_hal_flash_ramfunc.o
#        D:\PKNU2020\STM32\UART_SerialLcd\EWARM\UART_SerialLcd\Obj\stm32f4xx_hal_gpio.o
#        D:\PKNU2020\STM32\UART_SerialLcd\EWARM\UART_SerialLcd\Obj\stm32f4xx_hal_msp.o
#        D:\PKNU2020\STM32\UART_SerialLcd\EWARM\UART_SerialLcd\Obj\stm32f4xx_hal_pwr.o
#        D:\PKNU2020\STM32\UART_SerialLcd\EWARM\UART_SerialLcd\Obj\stm32f4xx_hal_pwr_ex.o
#        D:\PKNU2020\STM32\UART_SerialLcd\EWARM\UART_SerialLcd\Obj\stm32f4xx_hal_rcc.o
#        D:\PKNU2020\STM32\UART_SerialLcd\EWARM\UART_SerialLcd\Obj\stm32f4xx_hal_rcc_ex.o
#        D:\PKNU2020\STM32\UART_SerialLcd\EWARM\UART_SerialLcd\Obj\stm32f4xx_hal_tim.o
#        D:\PKNU2020\STM32\UART_SerialLcd\EWARM\UART_SerialLcd\Obj\stm32f4xx_hal_tim_ex.o
#        D:\PKNU2020\STM32\UART_SerialLcd\EWARM\UART_SerialLcd\Obj\stm32f4xx_hal_uart.o
#        D:\PKNU2020\STM32\UART_SerialLcd\EWARM\UART_SerialLcd\Obj\stm32f4xx_it.o
#        D:\PKNU2020\STM32\UART_SerialLcd\EWARM\UART_SerialLcd\Obj\system_stm32f4xx.o
#        D:\PKNU2020\STM32\UART_SerialLcd\EWARM\UART_SerialLcd\Obj\usart.o
#        --redirect _Printf=_PrintfFull --redirect _Scanf=_ScanfFull
#        --no_out_extension -o
#        D:\PKNU2020\STM32\UART_SerialLcd\EWARM\UART_SerialLcd\Exe\UART_SerialLcd.out
#        --map
#        D:\PKNU2020\STM32\UART_SerialLcd\EWARM\UART_SerialLcd\List\UART_SerialLcd.map
#        --config D:\PKNU2020\STM32\UART_SerialLcd\EWARM/stm32f405xx_flash.icf
#        --semihosting --entry __iar_program_start --vfe --text_out locale)
#
###############################################################################

*******************************************************************************
*** RUNTIME MODEL ATTRIBUTES
***

CppFlavor       = *
__SystemLibrary = DLib
__dlib_version  = 6


*******************************************************************************
*** HEAP SELECTION
***

The basic heap was selected because some modules are built with
size limitations (and not runtime checking), and --advanced_heap
was not specified.


*******************************************************************************
*** PLACEMENT SUMMARY
***

"A0":  place at address 0x800'0000 { ro section .intvec };
"P1":  place in [from 0x800'0000 to 0x80f'ffff] { ro };
define block CSTACK with size = 1K, alignment = 8 { };
define block HEAP with size = 512, alignment = 8 { };
"P2":  place in [from 0x2000'0000 to 0x2001'ffff] {
          rw, block CSTACK, block HEAP };
initialize by copy { rw };

  Section            Kind         Address    Size  Object
  -------            ----         -------    ----  ------
"A0":                                       0x188
  .intvec            ro code   0x800'0000   0x188  startup_stm32f405xx.o [1]
                             - 0x800'0188   0x188

"P1":                                      0x15fd
  .text              ro code   0x800'0188   0x498  stm32f4xx_hal_uart.o [1]
  .text              ro code   0x800'0620    0xb4  usart.o [1]
  .text              ro code   0x800'06d4     0xc  stm32f4xx_hal.o [1]
  .text              ro code   0x800'06e0    0x24  stm32f4xx_hal_dma.o [1]
  .text              ro code   0x800'0704     0x2  stm32f4xx_hal_uart.o [1]
  .text              ro code   0x800'0706     0x2  stm32f4xx_hal_uart.o [1]
  .text              ro code   0x800'0708     0x2  stm32f4xx_hal_uart.o [1]
  .text              ro code   0x800'070c   0x1ac  stm32f4xx_hal_rcc.o [1]
  .text              ro code   0x800'08b8   0x106  I64DivMod_small.o [4]
  .text              ro code   0x800'09c0    0xde  main.o [1]
  .text              ro code   0x800'0a9e    0x14  memset.o [4]
  .text              ro code   0x800'0ab4   0x1e4  stm32f4xx_hal_gpio.o [1]
  .text              ro code   0x800'0c98    0xc4  stm32f4xx_hal_cortex.o [1]
  .text              ro code   0x800'0d5c    0x40  stm32f4xx_hal.o [1]
  .text              ro code   0x800'0d9c     0x2  I64DivZer.o [4]
  .text              ro code   0x800'0da0    0x34  stm32f4xx_hal.o [1]
  .text              ro code   0x800'0dd4    0xb4  gpio.o [1]
  .text              ro code   0x800'0e88   0x2b0  lcd.o [1]
  .text              ro code   0x800'1138   0x310  stm32f4xx_hal_rcc.o [1]
  .text              ro code   0x800'1448    0x66  ABImemset.o [4]
  .text              ro code   0x800'14b0    0x38  stm32f4xx_hal_msp.o [1]
  .text              ro code   0x800'14e8    0x38  packbits_init_single.o [4]
  .text              ro code   0x800'1520    0x2c  system_stm32f4xx.o [1]
  .text              ro code   0x800'154c    0x28  data_init.o [4]
  .text              ro code   0x800'1574    0x22  fpinit_M.o [3]
  .iar.init_table    const     0x800'1598    0x10  - Linker created -
  .text              ro code   0x800'15a8    0x20  stm32f4xx_it.o [1]
  .text              ro code   0x800'15c8    0x10  stm32f4xx_hal.o [1]
  .text              ro code   0x800'15d8    0x1e  cmain.o [4]
  .text              ro code   0x800'15f6     0x4  low_level_init.o [2]
  .text              ro code   0x800'15fa     0x4  exit.o [2]
  .text              ro code   0x800'1600     0xa  cexit.o [4]
  .text              ro code   0x800'160c    0x14  exit.o [5]
  .text              ro code   0x800'1620    0x10  startup_stm32f405xx.o [1]
  .text              ro code   0x800'1630     0xc  cstartup_M.o [4]
  .rodata            const     0x800'163c     0x8  system_stm32f4xx.o [1]
  .text              ro code   0x800'1644     0x4  startup_stm32f405xx.o [1]
  .text              ro code   0x800'1648     0x4  startup_stm32f405xx.o [1]
  .text              ro code   0x800'164c     0x4  startup_stm32f405xx.o [1]
  .text              ro code   0x800'1650     0x4  startup_stm32f405xx.o [1]
  .text              ro code   0x800'1654     0x4  startup_stm32f405xx.o [1]
  .text              ro code   0x800'1658     0x4  startup_stm32f405xx.o [1]
  .text              ro code   0x800'165c     0x4  startup_stm32f405xx.o [1]
  .text              ro code   0x800'1660     0x4  startup_stm32f405xx.o [1]
  .text              ro code   0x800'1664     0x4  startup_stm32f405xx.o [1]
  .text              ro code   0x800'1668     0x4  startup_stm32f405xx.o [1]
  .text              ro code   0x800'166c     0x4  startup_stm32f405xx.o [1]
  .text              ro code   0x800'1670     0x4  startup_stm32f405xx.o [1]
  .text              ro code   0x800'1674     0x4  startup_stm32f405xx.o [1]
  .text              ro code   0x800'1678     0x4  startup_stm32f405xx.o [1]
  .text              ro code   0x800'167c     0x4  startup_stm32f405xx.o [1]
  .text              ro code   0x800'1680     0x4  startup_stm32f405xx.o [1]
  .text              ro code   0x800'1684     0x4  startup_stm32f405xx.o [1]
  .text              ro code   0x800'1688     0x4  startup_stm32f405xx.o [1]
  .text              ro code   0x800'168c     0x4  startup_stm32f405xx.o [1]
  .text              ro code   0x800'1690     0x4  startup_stm32f405xx.o [1]
  .text              ro code   0x800'1694     0x4  startup_stm32f405xx.o [1]
  .text              ro code   0x800'1698     0x4  startup_stm32f405xx.o [1]
  .text              ro code   0x800'169c     0x4  startup_stm32f405xx.o [1]
  .text              ro code   0x800'16a0     0x4  startup_stm32f405xx.o [1]
  .text              ro code   0x800'16a4     0x4  startup_stm32f405xx.o [1]
  .text              ro code   0x800'16a8     0x4  startup_stm32f405xx.o [1]
  .text              ro code   0x800'16ac     0x4  startup_stm32f405xx.o [1]
  .text              ro code   0x800'16b0     0x4  startup_stm32f405xx.o [1]
  .text              ro code   0x800'16b4     0x4  startup_stm32f405xx.o [1]
  .text              ro code   0x800'16b8     0x4  startup_stm32f405xx.o [1]
  .text              ro code   0x800'16bc     0x4  startup_stm32f405xx.o [1]
  .text              ro code   0x800'16c0     0x4  startup_stm32f405xx.o [1]
  .text              ro code   0x800'16c4     0x4  startup_stm32f405xx.o [1]
  .text              ro code   0x800'16c8     0x4  startup_stm32f405xx.o [1]
  .text              ro code   0x800'16cc     0x4  startup_stm32f405xx.o [1]
  .text              ro code   0x800'16d0     0x4  startup_stm32f405xx.o [1]
  .text              ro code   0x800'16d4     0x4  startup_stm32f405xx.o [1]
  .text              ro code   0x800'16d8     0x4  startup_stm32f405xx.o [1]
  .text              ro code   0x800'16dc     0x4  startup_stm32f405xx.o [1]
  .text              ro code   0x800'16e0     0x4  startup_stm32f405xx.o [1]
  .text              ro code   0x800'16e4     0x4  startup_stm32f405xx.o [1]
  .text              ro code   0x800'16e8     0x4  startup_stm32f405xx.o [1]
  .text              ro code   0x800'16ec     0x4  startup_stm32f405xx.o [1]
  .text              ro code   0x800'16f0     0x4  startup_stm32f405xx.o [1]
  .text              ro code   0x800'16f4     0x4  startup_stm32f405xx.o [1]
  .text              ro code   0x800'16f8     0x4  startup_stm32f405xx.o [1]
  .text              ro code   0x800'16fc     0x4  startup_stm32f405xx.o [1]
  .text              ro code   0x800'1700     0x4  startup_stm32f405xx.o [1]
  .text              ro code   0x800'1704     0x4  startup_stm32f405xx.o [1]
  .text              ro code   0x800'1708     0x4  startup_stm32f405xx.o [1]
  .text              ro code   0x800'170c     0x4  startup_stm32f405xx.o [1]
  .text              ro code   0x800'1710     0x4  startup_stm32f405xx.o [1]
  .text              ro code   0x800'1714     0x4  startup_stm32f405xx.o [1]
  .text              ro code   0x800'1718     0x4  startup_stm32f405xx.o [1]
  .text              ro code   0x800'171c     0x4  startup_stm32f405xx.o [1]
  .text              ro code   0x800'1720     0x4  startup_stm32f405xx.o [1]
  .text              ro code   0x800'1724     0x4  startup_stm32f405xx.o [1]
  .text              ro code   0x800'1728     0x4  startup_stm32f405xx.o [1]
  .text              ro code   0x800'172c     0x4  startup_stm32f405xx.o [1]
  .text              ro code   0x800'1730     0x4  startup_stm32f405xx.o [1]
  .text              ro code   0x800'1734     0x4  startup_stm32f405xx.o [1]
  .text              ro code   0x800'1738     0x4  startup_stm32f405xx.o [1]
  .text              ro code   0x800'173c     0x4  startup_stm32f405xx.o [1]
  .text              ro code   0x800'1740     0x4  startup_stm32f405xx.o [1]
  .text              ro code   0x800'1744     0x4  startup_stm32f405xx.o [1]
  .text              ro code   0x800'1748     0x4  startup_stm32f405xx.o [1]
  .text              ro code   0x800'174c     0x4  startup_stm32f405xx.o [1]
  .text              ro code   0x800'1750     0x4  startup_stm32f405xx.o [1]
  .text              ro code   0x800'1754     0x4  startup_stm32f405xx.o [1]
  .text              ro code   0x800'1758     0x4  startup_stm32f405xx.o [1]
  .text              ro code   0x800'175c     0x4  startup_stm32f405xx.o [1]
  .text              ro code   0x800'1760     0x4  startup_stm32f405xx.o [1]
  .text              ro code   0x800'1764     0x4  startup_stm32f405xx.o [1]
  .text              ro code   0x800'1768     0x4  startup_stm32f405xx.o [1]
  .text              ro code   0x800'176c     0x4  startup_stm32f405xx.o [1]
  .text              ro code   0x800'1770     0x4  startup_stm32f405xx.o [1]
  .text              ro code   0x800'1774     0x4  startup_stm32f405xx.o [1]
  .rodata            const     0x800'1778     0x0  packbits_init_single.o [4]
  Initializer bytes  const     0x800'1778     0xd  <for P2-1>
                             - 0x800'1785  0x15fd

"P2", part 1 of 2:                           0x50
  P2-1                        0x2000'0000    0x50  <Init block>
    .data            inited   0x2000'0000     0xc  stm32f4xx_hal.o [1]
    .data            inited   0x2000'000c     0x4  system_stm32f4xx.o [1]
    .bss             inited   0x2000'0010    0x40  usart.o [1]
                            - 0x2000'0050    0x50

"P2", part 2 of 2:                          0x400
  CSTACK                      0x2000'0050   0x400  <Block>
    CSTACK           uninit   0x2000'0050   0x400  <Block tail>
                            - 0x2000'0450   0x400

Unused ranges:

         From           To      Size
         ----           --      ----
   0x800'1785   0x80f'ffff  0xf'e87b
  0x2000'0450  0x2001'ffff  0x1'fbb0


*******************************************************************************
*** INIT TABLE
***

          Address      Size
          -------      ----
Copy/packbits (__iar_packbits_init_single3)
    1 source range, total size 0xd (16% of destination):
           0x800'1778   0xd
    1 destination range, total size 0x50:
          0x2000'0000  0x50



*******************************************************************************
*** MODULE SUMMARY
***

    Module                  ro code  ro data  rw data
    ------                  -------  -------  -------
command line/config:
    -------------------------------------------------
    Total:

D:\PKNU2020\STM32\UART_SerialLcd\EWARM\UART_SerialLcd\Obj: [1]
    gpio.o                      180
    lcd.o                       688
    main.o                      222
    startup_stm32f405xx.o       716
    stm32f4xx_hal.o             144        1       12
    stm32f4xx_hal_cortex.o      196
    stm32f4xx_hal_dma.o          36
    stm32f4xx_hal_gpio.o        484
    stm32f4xx_hal_msp.o          56
    stm32f4xx_hal_rcc.o       1'212
    stm32f4xx_hal_uart.o      1'182
    stm32f4xx_it.o               32
    system_stm32f4xx.o           44        9        4
    usart.o                     180       11       64
    -------------------------------------------------
    Total:                    5'372       21       80

dl7M_tln.a: [2]
    exit.o                        4
    low_level_init.o              4
    -------------------------------------------------
    Total:                        8

m7M_tls.a: [3]
    fpinit_M.o                   34
    -------------------------------------------------
    Total:                       34

rt7M_tl.a: [4]
    ABImemset.o                 102
    I64DivMod_small.o           262
    I64DivZer.o                   2
    cexit.o                      10
    cmain.o                      30
    cstartup_M.o                 12
    data_init.o                  40
    memset.o                     20
    packbits_init_single.o       56
    -------------------------------------------------
    Total:                      534

shb_l.a: [5]
    exit.o                       20
    -------------------------------------------------
    Total:                       20

    Gaps                         14        2
    Linker created                        16    1'024
-----------------------------------------------------
    Grand Total:              5'982       39    1'104


*******************************************************************************
*** ENTRY LIST
***

Entry                       Address   Size  Type      Object
-----                       -------   ----  ----      ------
.iar.init_table$$Base    0x800'1598          --   Gb  - Linker created -
.iar.init_table$$Limit   0x800'15a8          --   Gb  - Linker created -
?main                    0x800'15d9         Code  Gb  cmain.o [4]
AHBPrescTable            0x800'153c   0x10  Data  Gb  system_stm32f4xx.o [1]
APBPrescTable            0x800'163c    0x8  Data  Gb  system_stm32f4xx.o [1]
BusFault_Handler         0x800'15af    0x2  Code  Gb  stm32f4xx_it.o [1]
CSTACK$$Base            0x2000'0050          --   Gb  - Linker created -
CSTACK$$Limit           0x2000'0450          --   Gb  - Linker created -
DebugMon_Handler         0x800'15b5    0x2  Code  Gb  stm32f4xx_it.o [1]
Error_Handler            0x800'0a9d    0x2  Code  Gb  main.o [1]
HAL_DMA_Abort_IT         0x800'06e1   0x24  Code  Gb  stm32f4xx_hal_dma.o [1]
HAL_GPIO_Init            0x800'0ab5  0x1ae  Code  Gb  stm32f4xx_hal_gpio.o [1]
HAL_GPIO_WritePin        0x800'0c63    0x8  Code  Gb  stm32f4xx_hal_gpio.o [1]
HAL_GetTick              0x800'06d5    0xc  Code  Wk  stm32f4xx_hal.o [1]
HAL_IncTick              0x800'15c9   0x10  Code  Wk  stm32f4xx_hal.o [1]
HAL_Init                 0x800'0da1   0x30  Code  Gb  stm32f4xx_hal.o [1]
HAL_InitTick             0x800'0d5d   0x40  Code  Wk  stm32f4xx_hal.o [1]
HAL_MspInit              0x800'14b1   0x38  Code  Gb  stm32f4xx_hal_msp.o [1]
HAL_NVIC_EnableIRQ       0x800'0d07   0x16  Code  Gb  stm32f4xx_hal_cortex.o [1]
HAL_NVIC_SetPriority     0x800'0ccd   0x3a  Code  Gb  stm32f4xx_hal_cortex.o [1]
HAL_NVIC_SetPriorityGrouping
                         0x800'0cb3   0x1a  Code  Gb  stm32f4xx_hal_cortex.o [1]
HAL_RCC_ClockConfig      0x800'070d  0x100  Code  Gb  stm32f4xx_hal_rcc.o [1]
HAL_RCC_GetPCLK1Freq     0x800'0819   0x10  Code  Gb  stm32f4xx_hal_rcc.o [1]
HAL_RCC_GetPCLK2Freq     0x800'0829    0xe  Code  Gb  stm32f4xx_hal_rcc.o [1]
HAL_RCC_OscConfig        0x800'1139  0x310  Code  Wk  stm32f4xx_hal_rcc.o [1]
HAL_SYSTICK_Config       0x800'0d1d   0x28  Code  Gb  stm32f4xx_hal_cortex.o [1]
HAL_UART_IRQHandler      0x800'02c1  0x15c  Code  Gb  stm32f4xx_hal_uart.o [1]
HAL_UART_Init            0x800'0189   0x1e  Code  Gb  stm32f4xx_hal_uart.o [1]
HAL_UART_MspInit         0x800'064f   0x76  Code  Gb  usart.o [1]
HAL_UART_Receive         0x800'01ff   0xae  Code  Gb  stm32f4xx_hal_uart.o [1]
HardFault_Handler        0x800'15ab    0x2  Code  Gb  stm32f4xx_it.o [1]
MX_GPIO_Init             0x800'0dd5   0x96  Code  Gb  gpio.o [1]
MX_USART1_UART_Init      0x800'0621   0x2e  Code  Gb  usart.o [1]
MemManage_Handler        0x800'15ad    0x2  Code  Gb  stm32f4xx_it.o [1]
NMI_Handler              0x800'15a9    0x2  Code  Gb  stm32f4xx_it.o [1]
PendSV_Handler           0x800'15b7    0x2  Code  Gb  stm32f4xx_it.o [1]
Region$$Table$$Base      0x800'1598          --   Gb  - Linker created -
Region$$Table$$Limit     0x800'15a8          --   Gb  - Linker created -
SVC_Handler              0x800'15b3    0x2  Code  Gb  stm32f4xx_it.o [1]
SysTick_Handler          0x800'15b9    0x4  Code  Gb  stm32f4xx_it.o [1]
SystemClock_Config       0x800'09fb   0x96  Code  Gb  main.o [1]
SystemCoreClock         0x2000'000c    0x4  Data  Gb  system_stm32f4xx.o [1]
SystemInit               0x800'1521   0x14  Code  Gb  system_stm32f4xx.o [1]
UART_DMAAbortOnError     0x800'049d    0xc  Code  Lc  stm32f4xx_hal_uart.o [1]
UART_EndRxTransfer       0x800'0481   0x1c  Code  Lc  stm32f4xx_hal_uart.o [1]
UART_Receive_IT          0x800'04a9   0x92  Code  Lc  stm32f4xx_hal_uart.o [1]
UART_SetConfig           0x800'053b   0xca  Code  Lc  stm32f4xx_hal_uart.o [1]
UART_WaitOnFlagUntilTimeout
                         0x800'041d   0x56  Code  Lc  stm32f4xx_hal_uart.o [1]
USART1_IRQHandler        0x800'15bd    0x6  Code  Gb  stm32f4xx_it.o [1]
UsageFault_Handler       0x800'15b1    0x2  Code  Gb  stm32f4xx_it.o [1]
__NVIC_SetPriority       0x800'0c99   0x1a  Code  Lc  stm32f4xx_hal_cortex.o [1]
__aeabi_ldiv0            0x800'0d9d         Code  Gb  I64DivZer.o [4]
__aeabi_memset           0x800'1449         Code  Gb  ABImemset.o [4]
__cmain                  0x800'15d9         Code  Gb  cmain.o [4]
__exit                   0x800'160d   0x14  Code  Gb  exit.o [5]
__iar_Memset             0x800'1449         Code  Gb  ABImemset.o [4]
__iar_Memset_word        0x800'1451         Code  Gb  ABImemset.o [4]
__iar_data_init3         0x800'154d   0x28  Code  Gb  data_init.o [4]
__iar_init_vfp           0x800'1575         Code  Gb  fpinit_M.o [3]
__iar_packbits_init_single3
                         0x800'14e9   0x38  Code  Gb  packbits_init_single.o [4]
__iar_program_start      0x800'1631         Code  Gb  cstartup_M.o [4]
__iar_small_uldivmod     0x800'08b9         Code  Gb  I64DivMod_small.o [4]
__low_level_init         0x800'15f7    0x4  Code  Gb  low_level_init.o [2]
__vector_table           0x800'0000         Data  Gb  startup_stm32f405xx.o [1]
_call_main               0x800'15e5         Code  Gb  cmain.o [4]
_exit                    0x800'1601         Code  Gb  cexit.o [4]
_main                    0x800'15f3         Code  Gb  cmain.o [4]
exit                     0x800'15fb    0x4  Code  Gb  exit.o [2]
huart1                  0x2000'0010   0x40  Data  Gb  usart.o [1]
lcdControlWrite          0x800'1057    0xc  Code  Gb  lcd.o [1]
lcdDataWrite             0x800'1063   0x12  Code  Gb  lcd.o [1]
lcdGotoXY                0x800'111b   0x1e  Code  Gb  lcd.o [1]
lcdInit                  0x800'10e9   0x32  Code  Gb  lcd.o [1]
lcdInitHW                0x800'0ff5   0x62  Code  Gb  lcd.o [1]
lcdmDelay                0x800'0fd7   0x1e  Code  Lc  lcd.o [1]
lcduDelay                0x800'0e89  0x14e  Code  Lc  lcd.o [1]
main                     0x800'09c1   0x3a  Code  Gb  main.o [1]
memset                   0x800'0a9f   0x14  Code  Gb  memset.o [4]
uwTick                  0x2000'0004    0x4  Data  Gb  stm32f4xx_hal.o [1]
uwTickFreq              0x2000'0000    0x1  Data  Gb  stm32f4xx_hal.o [1]
uwTickPrio              0x2000'0008    0x4  Data  Gb  stm32f4xx_hal.o [1]


[1] = D:\PKNU2020\STM32\UART_SerialLcd\EWARM\UART_SerialLcd\Obj
[2] = dl7M_tln.a
[3] = m7M_tls.a
[4] = rt7M_tl.a
[5] = shb_l.a

  5'982 bytes of readonly  code memory
     39 bytes of readonly  data memory
  1'104 bytes of readwrite data memory

Errors: none
Warnings: none
